Component: Arm Compiler for Embedded 6.19 Tool: armlink [5e73cb00]

==============================================================================

Section Cross References

    main.o(.text) refers (Special) to _scanf_str.o(.text) for _scanf_string
    main.o(.text.main) refers (Special) to _scanf_str.o(.text) for _scanf_string
    main.o(.text.main) refers to uart.o(.text.uart_init) for uart_init
    main.o(.text.main) refers to uart.o(.text.uart_enable) for uart_enable
    main.o(.text.main) refers to noretval__2printf.o(.text) for __2printf
    main.o(.text.main) refers to __0scanf.o(.text) for __0scanf
    main.o(.text.main) refers to strcmpv7em.o(.text) for strcmp
    main.o(.text.main) refers to uart.o(.text.uart_print) for uart_print
    main.o(.ARM.exidx.text.main) refers (Special) to _scanf_str.o(.text) for _scanf_string
    main.o(.ARM.exidx.text.main) refers to main.o(.text.main) for [Anonymous Symbol]
    main.o(.rodata..L__const.main.ar) refers (Special) to _scanf_str.o(.text) for _scanf_string
    main.o(.ARM.use_no_argv) refers (Special) to _scanf_str.o(.text) for _scanf_string
    adc.o(.text.adc_init) refers to h1_alloc.o(.text) for malloc
    adc.o(.text.adc_init) refers to adc.o(.bss.aPA_0) for aPA_0
    adc.o(.text.adc_init) refers to adc.o(.bss.aPC_0) for aPC_0
    adc.o(.text.adc_init) refers to adc.o(.bss.aPB_1) for aPB_1
    adc.o(.text.adc_init) refers to adc.o(.bss.aPA_1) for aPA_1
    adc.o(.text.adc_init) refers to adc.o(.bss.aPA_2) for aPA_2
    adc.o(.text.adc_init) refers to adc.o(.bss.aPA_3) for aPA_3
    adc.o(.text.adc_init) refers to adc.o(.bss.aPA_4) for aPA_4
    adc.o(.text.adc_init) refers to adc.o(.bss.aPA_5) for aPA_5
    adc.o(.text.adc_init) refers to adc.o(.bss.aPA_6) for aPA_6
    adc.o(.text.adc_init) refers to adc.o(.bss.aPA_7) for aPA_7
    adc.o(.text.adc_init) refers to adc.o(.bss.aPC_1) for aPC_1
    adc.o(.text.adc_init) refers to adc.o(.bss.aPC_2) for aPC_2
    adc.o(.text.adc_init) refers to adc.o(.bss.aPC_3) for aPC_3
    adc.o(.text.adc_init) refers to adc.o(.bss.aPC_4) for aPC_4
    adc.o(.text.adc_init) refers to adc.o(.bss.aPC_5) for aPC_5
    adc.o(.text.adc_init) refers to adc.o(.bss.aPB_0) for aPB_0
    adc.o(.text.adc_init) refers to adc.o(.text.analogin_init) for analogin_init
    adc.o(.ARM.exidx.text.adc_init) refers to adc.o(.text.adc_init) for [Anonymous Symbol]
    adc.o(.text.analogin_init) refers to adc.o(.rodata.PinMap_ADC) for PinMap_ADC
    adc.o(.text.analogin_init) refers to adc.o(.text.pin_function) for pin_function
    adc.o(.text.analogin_init) refers to adc.o(.bss.adc_inited) for adc_inited
    adc.o(.text.analogin_init) refers to adc.o(.bss.AdcHandle) for AdcHandle
    adc.o(.text.analogin_init) refers to adc.o(.text._ADC_Init) for _ADC_Init
    adc.o(.ARM.exidx.text.analogin_init) refers to adc.o(.text.analogin_init) for [Anonymous Symbol]
    adc.o(.text.pinmap_find_peripheral) refers to adc.o(.rodata.PinMap_ADC) for PinMap_ADC
    adc.o(.ARM.exidx.text.pinmap_find_peripheral) refers to adc.o(.text.pinmap_find_peripheral) for [Anonymous Symbol]
    adc.o(.text.pinmap_peripheral) refers to adc.o(.rodata.PinMap_ADC) for PinMap_ADC
    adc.o(.ARM.exidx.text.pinmap_peripheral) refers to adc.o(.text.pinmap_peripheral) for [Anonymous Symbol]
    adc.o(.text.pinmap_function) refers to adc.o(.rodata.PinMap_ADC) for PinMap_ADC
    adc.o(.ARM.exidx.text.pinmap_function) refers to adc.o(.text.pinmap_function) for [Anonymous Symbol]
    adc.o(.text.pinmap_pinout) refers to adc.o(.rodata.PinMap_ADC) for PinMap_ADC
    adc.o(.text.pinmap_pinout) refers to adc.o(.text.pin_function) for pin_function
    adc.o(.ARM.exidx.text.pinmap_pinout) refers to adc.o(.text.pinmap_pinout) for [Anonymous Symbol]
    adc.o(.ARM.exidx.text._ADC_Init) refers to adc.o(.text._ADC_Init) for [Anonymous Symbol]
    adc.o(.text.pinmap_find_function) refers to adc.o(.rodata.PinMap_ADC) for PinMap_ADC
    adc.o(.ARM.exidx.text.pinmap_find_function) refers to adc.o(.text.pinmap_find_function) for [Anonymous Symbol]
    adc.o(.ARM.exidx.text.pin_function) refers to adc.o(.text.pin_function) for [Anonymous Symbol]
    adc.o(.ARM.exidx.text._GPIO_Init) refers to adc.o(.text._GPIO_Init) for [Anonymous Symbol]
    adc.o(.text.adc_read) refers to adc.o(.bss.aPA_0) for aPA_0
    adc.o(.text.adc_read) refers to adc.o(.bss.aPA_1) for aPA_1
    adc.o(.text.adc_read) refers to adc.o(.text._adc_read) for _adc_read
    adc.o(.text.adc_read) refers to adc.o(.bss.aPC_0) for aPC_0
    adc.o(.text.adc_read) refers to adc.o(.bss.aPB_1) for aPB_1
    adc.o(.text.adc_read) refers to adc.o(.bss.aPA_2) for aPA_2
    adc.o(.text.adc_read) refers to adc.o(.bss.aPA_3) for aPA_3
    adc.o(.text.adc_read) refers to adc.o(.bss.aPA_4) for aPA_4
    adc.o(.text.adc_read) refers to adc.o(.bss.aPA_5) for aPA_5
    adc.o(.text.adc_read) refers to adc.o(.bss.aPA_6) for aPA_6
    adc.o(.text.adc_read) refers to adc.o(.bss.aPA_7) for aPA_7
[...]
    Removing timer.o(.text), (0 bytes).
    Removing timer.o(.text.timer_init), (96 bytes).
    Removing timer.o(.ARM.exidx.text.timer_init), (8 bytes).
    Removing timer.o(.text.timer_enable), (14 bytes).
    Removing timer.o(.ARM.exidx.text.timer_enable), (8 bytes).
    Removing timer.o(.text.timer_disable), (18 bytes).
    Removing timer.o(.ARM.exidx.text.timer_disable), (8 bytes).
    Removing timer.o(.text.timer_set_callback), (12 bytes).
    Removing timer.o(.ARM.exidx.text.timer_set_callback), (8 bytes).
    Removing timer.o(.ARM.exidx.text.SysTick_Handler), (8 bytes).
    Removing timer.o(.bss.timer_period), (4 bytes).
    Removing uart.o(.text), (0 bytes).
    Removing uart.o(.ARM.exidx.text.uart_init), (8 bytes).
    Removing uart.o(.ARM.exidx.text.uart_enable), (8 bytes).
    Removing uart.o(.ARM.exidx.text.uart_print), (8 bytes).
    Removing uart.o(.text.uart_tx), (36 bytes).
    Removing uart.o(.ARM.exidx.text.uart_tx), (8 bytes).
    Removing uart.o(.text.uart_set_rx_callback), (58 bytes).
    Removing uart.o(.ARM.exidx.text.uart_set_rx_callback), (8 bytes).
    Removing uart.o(.text.uart_rx), (34 bytes).
    Removing uart.o(.ARM.exidx.text.uart_rx), (8 bytes).
    Removing uart.o(.ARM.exidx.text.USART2_IRQHandler), (8 bytes).
    Removing retarget_io.o(.text), (0 bytes).
    Removing retarget_io.o(.text.ITM_SendChar), (46 bytes).
    Removing retarget_io.o(.ARM.exidx.text.ITM_SendChar), (8 bytes).
    Removing retarget_io.o(.text.ITM_ReceiveChar), (32 bytes).
    Removing retarget_io.o(.ARM.exidx.text.ITM_ReceiveChar), (8 bytes).
    Removing retarget_io.o(.ARM.exidx.text._sys_open), (8 bytes).
    Removing retarget_io.o(.ARM.exidx.text._sys_close), (8 bytes).
    Removing retarget_io.o(.ARM.exidx.text._sys_write), (8 bytes).
    Removing retarget_io.o(.ARM.exidx.text._sys_read), (8 bytes).
    Removing retarget_io.o(.ARM.exidx.text._sys_istty), (8 bytes).
    Removing retarget_io.o(.ARM.exidx.text._sys_seek), (8 bytes).
    Removing retarget_io.o(.ARM.exidx.text._sys_flen), (8 bytes).
    Removing system_stm32f4xx.o(.text), (0 bytes).
    Removing system_stm32f4xx.o(.ARM.exidx.text.SystemInit), (8 bytes).
    Removing system_stm32f4xx.o(.text.SystemCoreClockUpdate), (134 bytes).
    Removing system_stm32f4xx.o(.ARM.exidx.text.SystemCoreClockUpdate), (8 bytes).
    Removing system_stm32f4xx.o(.data.SystemCoreClock), (4 bytes).
    Removing system_stm32f4xx.o(.rodata.AHBPrescTable), (16 bytes).
    Removing system_stm32f4xx.o(.rodata.APBPrescTable), (8 bytes).

464 unused section(s) (total 10998 bytes) removed from the image.

==============================================================================

Image Symbol Table

    Local Symbols

    Symbol Name                              Value     Ov Type        Size  Object(Section)

    ../clib/angel/boardlib.s                 0x00000000   Number         0  boardinit1.o ABSOLUTE
    ../clib/angel/boardlib.s                 0x00000000   Number         0  boardinit2.o ABSOLUTE
    ../clib/angel/boardlib.s                 0x00000000   Number         0  boardinit3.o ABSOLUTE
    ../clib/angel/boardlib.s                 0x00000000   Number         0  boardshut.o ABSOLUTE
    ../clib/angel/handlers.s                 0x00000000   Number         0  __scatter_copy.o ABSOLUTE
    ../clib/angel/handlers.s                 0x00000000   Number         0  __scatter_zi.o ABSOLUTE
    ../clib/angel/kernel.s                   0x00000000   Number         0  __rtentry.o ABSOLUTE
    ../clib/angel/kernel.s                   0x00000000   Number         0  __rtentry2.o ABSOLUTE
    ../clib/angel/kernel.s                   0x00000000   Number         0  __rtentry4.o ABSOLUTE
    ../clib/angel/kernel.s                   0x00000000   Number         0  rtexit.o ABSOLUTE
    ../clib/angel/kernel.s                   0x00000000   Number         0  rtexit2.o ABSOLUTE
    ../clib/angel/rt.s                       0x00000000   Number         0  rt_heap_descriptor.o ABSOLUTE
    ../clib/angel/rt.s                       0x00000000   Number         0  rt_heap_descriptor_intlibspace.o ABSOLUTE
    ../clib/angel/rt.s                       0x00000000   Number         0  rt_raise.o ABSOLUTE
    ../clib/angel/rt.s                       0x00000000   Number         0  rt_ctype_table.o ABSOLUTE
    ../clib/angel/rt.s                       0x00000000   Number         0  rt_locale.o ABSOLUTE
    ../clib/angel/rt.s                       0x00000000   Number         0  rt_locale_intlibspace.o ABSOLUTE
    ../clib/angel/rt.s                       0x00000000   Number         0  rt_errno_addr.o ABSOLUTE
    ../clib/angel/rt.s                       0x00000000   Number         0  rt_errno_addr_intlibspace.o ABSOLUTE
    ../clib/angel/scatter.s                  0x00000000   Number         0  __scatter.o ABSOLUTE
    ../clib/angel/startup.s                  0x00000000   Number         0  __main.o ABSOLUTE
    ../clib/angel/sys.s                      0x00000000   Number         0  mutex_dummy.o ABSOLUTE
    ../clib/angel/sys.s                      0x00000000   Number         0  libspace.o ABSOLUTE
    ../clib/angel/sys.s                      0x00000000   Number         0  use_no_semi.o ABSOLUTE
    ../clib/angel/sys.s                      0x00000000   Number         0  indicate_semi.o ABSOLUTE
    ../clib/angel/sys.s                      0x00000000   Number         0  sys_stackheap_outer.o ABSOLUTE
    ../clib/angel/sysapp.c                   0x00000000   Number         0  sys_command.o ABSOLUTE
    ../clib/angel/sysapp.c                   0x00000000   Number         0  sys_command_hlt.o ABSOLUTE
    ../clib/angel/sysapp.c                   0x00000000   Number         0  sys_exit.o ABSOLUTE
    ../clib/angel/sysapp.c                   0x00000000   Number         0  sys_exit_hlt.o ABSOLUTE
    ../clib/angel/sysapp.c                   0x00000000   Number         0  sys_wrch.o ABSOLUTE
    ../clib/angel/sysapp.c                   0x00000000   Number         0  sys_wrch_hlt.o ABSOLUTE
    ../clib/armsys.c                         0x00000000   Number         0  _get_argv.o ABSOLUTE
    ../clib/armsys.c                         0x00000000   Number         0  argv_veneer.o ABSOLUTE
    ../clib/armsys.c                         0x00000000   Number         0  argv_veneer.o ABSOLUTE
    ../clib/armsys.c                         0x00000000   Number         0  _get_argv_nomalloc.o ABSOLUTE
    ../clib/armsys.c                         0x00000000   Number         0  no_argv.o ABSOLUTE
    ../clib/assert.c                         0x00000000   Number         0  assert_stdio.o ABSOLUTE
    ../clib/ctype.c                          0x00000000   Number         0  isspace.o ABSOLUTE
    ../clib/heap1.c                          0x00000000   Number         0  h1_alloc.o ABSOLUTE
    ../clib/heap1.c                          0x00000000   Number         0  h1_alloc_threads.o ABSOLUTE
    ../clib/heap1.c                          0x00000000   Number         0  h1_init.o ABSOLUTE
    ../clib/heap1.c                          0x00000000   Number         0  h1_free.o ABSOLUTE
    ../clib/heap1.c                          0x00000000   Number         0  h1_init_threads.o ABSOLUTE
    ../clib/heap1.c                          0x00000000   Number         0  h1_free_threads.o ABSOLUTE
    ../clib/heap1.c                          0x00000000   Number         0  h1_extend.o ABSOLUTE
    ../clib/heap1.c                          0x00000000   Number         0  h1_extend_threads.o ABSOLUTE
    ../clib/heap1.c                          0x00000000   Number         0  h1_final.o ABSOLUTE
    ../clib/heap1.c                          0x00000000   Number         0  h1_final_threads.o ABSOLUTE
    ../clib/heap2.c                          0x00000000   Number         0  heap2.o ABSOLUTE
    ../clib/heap2.c                          0x00000000   Number         0  heap2_threads.o ABSOLUTE
    ../clib/heap2.c                          0x00000000   Number         0  fdtree.o ABSOLUTE
    ../clib/heapalloc.c                      0x00000000   Number         0  malloc.o ABSOLUTE
    ../clib/heapalloc.c                      0x00000000   Number         0  hguard.o ABSOLUTE
    ../clib/heapalloc.c                      0x00000000   Number         0  init_alloc.o ABSOLUTE
    ../clib/heapalloc.c                      0x00000000   Number         0  free.o ABSOLUTE
    ../clib/heapalloc.c                      0x00000000   Number         0  heapstubs.o ABSOLUTE
    ../clib/heapalloc.c                      0x00000000   Number         0  hrguard.o ABSOLUTE
    ../clib/heapalloc.c                      0x00000000   Number         0  term_alloc.o ABSOLUTE
    ../clib/heapaux.c                        0x00000000   Number         0  heapauxi.o ABSOLUTE
    ../clib/heapaux.c                        0x00000000   Number         0  heapauxa.o ABSOLUTE
    ../clib/libinit.s                        0x00000000   Number         0  libinit2.o ABSOLUTE
    ../clib/libinit.s                        0x00000000   Number         0  libinit.o ABSOLUTE
    ../clib/libinit.s                        0x00000000   Number         0  libshutdown2.o ABSOLUTE
    ../clib/libinit.s                        0x00000000   Number         0  libshutdown.o ABSOLUTE
    ../clib/locale.s                         0x00000000   Number         0  lc_ctype_c.o ABSOLUTE
    ../clib/maybe.s                          0x00000000   Number         0  maybetermalloc1.o ABSOLUTE
    ../clib/maybe.s                          0x00000000   Number         0  maybetermalloc2.o ABSOLUTE
    ../clib/memcpset.s                       0x00000000   Number         0  strcmpv7em.o ABSOLUTE
    ../clib/memcpset.s                       0x00000000   Number         0  rt_memcpy_w.o ABSOLUTE
    ../clib/memcpset.s                       0x00000000   Number         0  rt_memclr_w.o ABSOLUTE
    ../clib/memcpset.s                       0x00000000   Number         0  rt_memcpy_v6.o ABSOLUTE
    ../clib/printf.c                         0x00000000   Number         0  __2printf.o ABSOLUTE
    ../clib/printf.c                         0x00000000   Number         0  noretval__2printf.o ABSOLUTE
    ../clib/printf.c                         0x00000000   Number         0  _printf_char_file.o ABSOLUTE
    ../clib/printf.c                         0x00000000   Number         0  _printf_char_common.o ABSOLUTE
    ../clib/printf.c                         0x00000000   Number         0  __printf_nopercent.o ABSOLUTE
    ../clib/printf.c                         0x00000000   Number         0  _printf_char_file_locked.o ABSOLUTE
    ../clib/scanf.c                          0x00000000   Number         0  __0scanf.o ABSOLUTE
    ../clib/scanf.c                          0x00000000   Number         0  _scanf_str.o ABSOLUTE
    ../clib/scanf.c                          0x00000000   Number         0  scanf_char_file.o ABSOLUTE
    ../clib/scanf.c                          0x00000000   Number         0  scanf_char.o ABSOLUTE
    ../clib/scanf.c                          0x00000000   Number         0  _scanf.o ABSOLUTE
    ../clib/scanf.c                          0x00000000   Number         0  scanf_char_file_locked.o ABSOLUTE
    ../clib/signal.c                         0x00000000   Number         0  defsig_rtmem_outer.o ABSOLUTE
    ../clib/signal.c                         0x00000000   Number         0  defsig_rtmem_formal.o ABSOLUTE
    ../clib/signal.c                         0x00000000   Number         0  defsig_exit.o ABSOLUTE
    ../clib/signal.c                         0x00000000   Number         0  defsig_rtred_outer.o ABSOLUTE
    ../clib/signal.c                         0x00000000   Number         0  defsig_rtred_formal.o ABSOLUTE
    ../clib/signal.c                         0x00000000   Number         0  defsig_rtmem_inner.o ABSOLUTE
    ../clib/signal.c                         0x00000000   Number         0  __raise.o ABSOLUTE
    ../clib/signal.c                         0x00000000   Number         0  defsig_general.o ABSOLUTE
    ../clib/signal.c                         0x00000000   Number         0  defsig_rtred_inner.o ABSOLUTE
    ../clib/signal.c                         0x00000000   Number         0  defsig_abrt_inner.o ABSOLUTE
    ../clib/signal.c                         0x00000000   Number         0  defsig_fpe_inner.o ABSOLUTE
    ../clib/signal.c                         0x00000000   Number         0  defsig_stak_inner.o ABSOLUTE
    ../clib/signal.c                         0x00000000   Number         0  defsig_pvfn_inner.o ABSOLUTE
    ../clib/signal.c                         0x00000000   Number         0  defsig_cppl_inner.o ABSOLUTE
    ../clib/signal.c                         0x00000000   Number         0  defsig_segv_inner.o ABSOLUTE
    ../clib/signal.c                         0x00000000   Number         0  defsig_other.o ABSOLUTE
    ../clib/signal.s                         0x00000000   Number         0  defsig.o ABSOLUTE
    ../clib/stdio.c                          0x00000000   Number         0  stdio_streams.o ABSOLUTE
    ../clib/stdio.c                          0x00000000   Number         0  backspace.o ABSOLUTE
    ../clib/stdio.c                          0x00000000   Number         0  ferror.o ABSOLUTE
    ../clib/stdio.c                          0x00000000   Number         0  fgetc.o ABSOLUTE
    ../clib/stdio.c                          0x00000000   Number         0  fputc.o ABSOLUTE
    ../clib/stdio.c                          0x00000000   Number         0  initio.o ABSOLUTE
    ../clib/stdio.c                          0x00000000   Number         0  fgetc_locked.o ABSOLUTE
    ../clib/stdio.c                          0x00000000   Number         0  fputc_locked.o ABSOLUTE
    ../clib/stdio.c                          0x00000000   Number         0  backspace_locked.o ABSOLUTE
    ../clib/stdio.c                          0x00000000   Number         0  ferror_locked.o ABSOLUTE
    ../clib/stdio.c                          0x00000000   Number         0  initio_locked.o ABSOLUTE
    ../clib/stdio.c                          0x00000000   Number         0  filbuf.o ABSOLUTE
    ../clib/stdio.c                          0x00000000   Number         0  flsbuf.o ABSOLUTE
    ../clib/stdio.c                          0x00000000   Number         0  setvbuf.o ABSOLUTE
    ../clib/stdio.c                          0x00000000   Number         0  ungetc.o ABSOLUTE
    ../clib/stdio.c                          0x00000000   Number         0  streamlock.o ABSOLUTE
    ../clib/stdio.c                          0x00000000   Number         0  fopen.o ABSOLUTE
    ../clib/stdio.c                          0x00000000   Number         0  fclose.o ABSOLUTE
    ../clib/stdio.c                          0x00000000   Number         0  setvbuf_locked.o ABSOLUTE
    ../clib/stdio.c                          0x00000000   Number         0  fopen_locked.o ABSOLUTE
    ../clib/stdio.c                          0x00000000   Number         0  fseek.o ABSOLUTE
    ../clib/stdio.c                          0x00000000   Number         0  stdio.o ABSOLUTE
    ../clib/stdio.c                          0x00000000   Number         0  freadfast.o ABSOLUTE
    ../clib/stdio.c                          0x00000000   Number         0  fread_bytes_avail.o ABSOLUTE
    ../clib/stdio.c                          0x00000000   Number         0  fwritefast.o ABSOLUTE
    ../clib/stdio.c                          0x00000000   Number         0  flushlinebuffered.o ABSOLUTE
    ../clib/stdio.c                          0x00000000   Number         0  freadfast_locked.o ABSOLUTE
    ../clib/stdio.c                          0x00000000   Number         0  fread_bytes_avail_locked.o ABSOLUTE
    ../clib/stdio.c                          0x00000000   Number         0  fwritefast_locked.o ABSOLUTE
    ../clib/stdio.c                          0x00000000   Number         0  flushlinebuffered_locked.o ABSOLUTE
    ../clib/stdio.c                          0x00000000   Number         0  fflush.o ABSOLUTE
    ../clib/stdio.c                          0x00000000   Number         0  fputs.o ABSOLUTE
    ../clib/stdio.c                          0x00000000   Number         0  ftell.o ABSOLUTE
    ../clib/stdio.c                          0x00000000   Number         0  fputs_locked.o ABSOLUTE
    ../clib/stdio.c                          0x00000000   Number         0  fflush_locked.o ABSOLUTE
    ../clib/stdlib.c                         0x00000000   Number         0  exit.o ABSOLUTE
    ../clib/wchar.c                          0x00000000   Number         0  filbuf_fwide.o ABSOLUTE
    ../clib/wchar.c                          0x00000000   Number         0  flsbuf_fwide.o ABSOLUTE
    ../fplib/ddiv.s                          0x00000000   Number         0  ddiv.o ABSOLUTE
    ../fplib/dfixu.s                         0x00000000   Number         0  dfixu.o ABSOLUTE
    ../fplib/dflt.s                          0x00000000   Number         0  dflt_clz.o ABSOLUTE
    ../fplib/dnaninf.s                       0x00000000   Number         0  dnaninf.o ABSOLUTE
    ../fplib/dretinf.s                       0x00000000   Number         0  dretinf.o ABSOLUTE
    ../fplib/fpinit.s                        0x00000000   Number         0  fpinit.o ABSOLUTE
    ../fplib/usenofp.s                       0x00000000   Number         0  usenofp.o ABSOLUTE
    RTE/Device/STM32F411RETx/startup_stm32f411xe.s 0x00000000   Number         0  startup_stm32f411xe.o ABSOLUTE
    adc.c                                    0x00000000   Number         0  adc.o ABSOLUTE
    comparator.c                             0x00000000   Number         0  comparator.o ABSOLUTE
    dc.s                                     0x00000000   Number         0  dc.o ABSOLUTE
    gpio.c                                   0x00000000   Number         0  gpio.o ABSOLUTE
    i2c.c                                    0x00000000   Number         0  i2c.o ABSOLUTE
    leds.c                                   0x00000000   Number         0  leds.o ABSOLUTE
    main.c                                   0x00000000   Number         0  main.o ABSOLUTE
    queue.c                                  0x00000000   Number         0  queue.o ABSOLUTE
    retarget_io.c                            0x00000000   Number         0  retarget_io.o ABSOLUTE
    stm32f4xx_adc.c                          0x00000000   Number         0  stm32f4xx_adc.o ABSOLUTE
    stm32f4xx_gpio.c                         0x00000000   Number         0  stm32f4xx_gpio.o ABSOLUTE
    stm32f4xx_i2c.c                          0x00000000   Number         0  stm32f4xx_i2c.o ABSOLUTE
    stm32f4xx_rcc.c                          0x00000000   Number         0  stm32f4xx_rcc.o ABSOLUTE
    stm32f4xx_usart.c                        0x00000000   Number         0  stm32f4xx_usart.o ABSOLUTE
    system_stm32f4xx.c                       0x00000000   Number         0  system_stm32f4xx.o ABSOLUTE
    timer.c                                  0x00000000   Number         0  timer.o ABSOLUTE
    uart.c                                   0x00000000   Number         0  uart.o ABSOLUTE
    RESET                                    0x08000000   Section      408  startup_stm32f411xe.o(RESET)
    !!!main                                  0x08000198   Section        8  __main.o(!!!main)
    !!!scatter                               0x080001a0   Section       52  __scatter.o(!!!scatter)
    !!handler_copy                           0x080001d4   Section       26  __scatter_copy.o(!!handler_copy)
    !!handler_zi                             0x080001f0   Section       28  __scatter_zi.o(!!handler_zi)
    .ARM.Collect$$libinit$$00000000          0x0800020c   Section        2  libinit.o(.ARM.Collect$$libinit$$00000000)
    .ARM.Collect$$libinit$$00000001          0x0800020e   Section        4  libinit2.o(.ARM.Collect$$libinit$$00000001)
    .ARM.Collect$$libinit$$00000004          0x08000212   Section        0  libinit2.o(.ARM.Collect$$libinit$$00000004)
    .ARM.Collect$$libinit$$00000006          0x08000212   Section        0  libinit2.o(.ARM.Collect$$libinit$$00000006)
    .ARM.Collect$$libinit$$00000007          0x08000212   Section        8  libinit2.o(.ARM.Collect$$libinit$$00000007)
    .ARM.Collect$$libinit$$0000000C          0x0800021a   Section        0  libinit2.o(.ARM.Collect$$libinit$$0000000C)
    .ARM.Collect$$libinit$$0000000E          0x0800021a   Section        0  libinit2.o(.ARM.Collect$$libinit$$0000000E)
    .ARM.Collect$$libinit$$00000010          0x0800021a   Section        0  libinit2.o(.ARM.Collect$$libinit$$00000010)
    .ARM.Collect$$libinit$$00000011          0x0800021a   Section        6  libinit2.o(.ARM.Collect$$libinit$$00000011)
    .ARM.Collect$$libinit$$00000013          0x08000220   Section        0  libinit2.o(.ARM.Collect$$libinit$$00000013)
    .ARM.Collect$$libinit$$00000014          0x08000220   Section       12  libinit2.o(.ARM.Collect$$libinit$$00000014)
    .ARM.Collect$$libinit$$00000015          0x0800022c   Section        0  libinit2.o(.ARM.Collect$$libinit$$00000015)
    .ARM.Collect$$libinit$$00000017          0x0800022c   Section        0  libinit2.o(.ARM.Collect$$libinit$$00000017)
    .ARM.Collect$$libinit$$00000019          0x0800022c   Section        0  libinit2.o(.ARM.Collect$$libinit$$00000019)
    .ARM.Collect$$libinit$$0000001B          0x0800022c   Section        0  libinit2.o(.ARM.Collect$$libinit$$0000001B)
    .ARM.Collect$$libinit$$0000001D          0x0800022c   Section        0  libinit2.o(.ARM.Collect$$libinit$$0000001D)
    .ARM.Collect$$libinit$$0000001F          0x0800022c   Section        0  libinit2.o(.ARM.Collect$$libinit$$0000001F)
    .ARM.Collect$$libinit$$00000021          0x0800022c   Section        0  libinit2.o(.ARM.Collect$$libinit$$00000021)
    .ARM.Collect$$libinit$$00000023          0x0800022c   Section        0  libinit2.o(.ARM.Collect$$libinit$$00000023)
    .ARM.Collect$$libinit$$00000025          0x0800022c   Section        0  libinit2.o(.ARM.Collect$$libinit$$00000025)
    .ARM.Collect$$libinit$$00000026          0x0800022c   Section        4  libinit2.o(.ARM.Collect$$libinit$$00000026)
    .ARM.Collect$$libinit$$00000027          0x08000230   Section        0  libinit2.o(.ARM.Collect$$libinit$$00000027)
    .ARM.Collect$$libinit$$0000002E          0x08000230   Section        0  libinit2.o(.ARM.Collect$$libinit$$0000002E)
    .ARM.Collect$$libinit$$00000030          0x08000230   Section        0  libinit2.o(.ARM.Collect$$libinit$$00000030)
    .ARM.Collect$$libinit$$00000032          0x08000230   Section        0  libinit2.o(.ARM.Collect$$libinit$$00000032)
    .ARM.Collect$$libinit$$00000034          0x08000230   Section        0  libinit2.o(.ARM.Collect$$libinit$$00000034)
    .ARM.Collect$$libinit$$00000035          0x08000230   Section        2  libinit2.o(.ARM.Collect$$libinit$$00000035)
    .ARM.Collect$$libshutdown$$00000000      0x08000232   Section        2  libshutdown.o(.ARM.Collect$$libshutdown$$00000000)
    .ARM.Collect$$libshutdown$$00000002      0x08000234   Section        0  libshutdown2.o(.ARM.Collect$$libshutdown$$00000002)
    .ARM.Collect$$libshutdown$$00000003      0x08000234   Section        4  libshutdown2.o(.ARM.Collect$$libshutdown$$00000003)
    .ARM.Collect$$libshutdown$$00000004      0x08000238   Section        0  libshutdown2.o(.ARM.Collect$$libshutdown$$00000004)
    .ARM.Collect$$libshutdown$$00000007      0x08000238   Section        0  libshutdown2.o(.ARM.Collect$$libshutdown$$00000007)
    .ARM.Collect$$libshutdown$$0000000A      0x08000238   Section        0  libshutdown2.o(.ARM.Collect$$libshutdown$$0000000A)
    .ARM.Collect$$libshutdown$$0000000C      0x08000238   Section        0  libshutdown2.o(.ARM.Collect$$libshutdown$$0000000C)
    .ARM.Collect$$libshutdown$$0000000F      0x08000238   Section        0  libshutdown2.o(.ARM.Collect$$libshutdown$$0000000F)
    .ARM.Collect$$libshutdown$$00000010      0x08000238   Section        2  libshutdown2.o(.ARM.Collect$$libshutdown$$00000010)
    .ARM.Collect$$rtentry$$00000000          0x0800023a   Section        0  __rtentry.o(.ARM.Collect$$rtentry$$00000000)
    .ARM.Collect$$rtentry$$00000002          0x0800023a   Section        0  __rtentry2.o(.ARM.Collect$$rtentry$$00000002)
    .ARM.Collect$$rtentry$$00000004          0x0800023a   Section        6  __rtentry4.o(.ARM.Collect$$rtentry$$00000004)
    .ARM.Collect$$rtentry$$00000009          0x08000240   Section        0  __rtentry2.o(.ARM.Collect$$rtentry$$00000009)
    .ARM.Collect$$rtentry$$0000000A          0x08000240   Section        4  __rtentry2.o(.ARM.Collect$$rtentry$$0000000A)
    .ARM.Collect$$rtentry$$0000000C          0x08000244   Section        0  __rtentry2.o(.ARM.Collect$$rtentry$$0000000C)
    .ARM.Collect$$rtentry$$0000000D          0x08000244   Section        8  __rtentry2.o(.ARM.Collect$$rtentry$$0000000D)
    .ARM.Collect$$rtexit$$00000000           0x0800024c   Section        2  rtexit.o(.ARM.Collect$$rtexit$$00000000)
    .ARM.Collect$$rtexit$$00000002           0x0800024e   Section        0  rtexit2.o(.ARM.Collect$$rtexit$$00000002)
    .ARM.Collect$$rtexit$$00000003           0x0800024e   Section        4  rtexit2.o(.ARM.Collect$$rtexit$$00000003)
    .ARM.Collect$$rtexit$$00000004           0x08000252   Section        6  rtexit2.o(.ARM.Collect$$rtexit$$00000004)
    $v0                                      0x08000258   Number         0  startup_stm32f411xe.o(.text)
    .text                                    0x08000258   Section       64  startup_stm32f411xe.o(.text)
    .text                                    0x08000298   Section        0  h1_alloc.o(.text)
    .text                                    0x080002f8   Section        0  noretval__2printf.o(.text)
    .text                                    0x08000310   Section        0  __0scanf.o(.text)
    .text                                    0x08000330   Section        0  _scanf_str.o(.text)
    .text                                    0x08000410   Section      124  strcmpv7em.o(.text)
    .text                                    0x0800048c   Section        0  heapauxi.o(.text)
    .text                                    0x08000494   Section        8  rt_heap_descriptor_intlibspace.o(.text)
    .text                                    0x0800049c   Section        0  hguard.o(.text)
    .text                                    0x080004a0   Section        0  init_alloc.o(.text)
    .text                                    0x0800052a   Section        0  h1_init.o(.text)
    .text                                    0x08000538   Section        0  h1_free.o(.text)
    .text                                    0x08000588   Section        0  _printf_char_file.o(.text)
    .text                                    0x080005ac   Section        0  scanf_char_file.o(.text)
    .text                                    0x080005c4   Section        8  libspace.o(.text)
    .text                                    0x080005cc   Section        0  maybetermalloc1.o(.text)
    .text                                    0x080005cc   Section        0  h1_extend.o(.text)
    _printf_input_char                       0x08000601   Thumb Code    10  _printf_char_common.o(.text)
    .text                                    0x08000600   Section        0  _printf_char_common.o(.text)
    _scanf_char_input                        0x08000631   Thumb Code    12  scanf_char.o(.text)
    .text                                    0x08000630   Section        0  scanf_char.o(.text)
    .text                                    0x0800065c   Section        0  backspace.o(.text)
    .text                                    0x080006a4   Section        0  ferror.o(.text)
    .text                                    0x080006ac   Section        0  initio.o(.text)
    .text                                    0x080007e4   Section        0  defsig_rtmem_outer.o(.text)
    .text                                    0x080007f2   Section        2  use_no_semi.o(.text)
    .text                                    0x080007f4   Section        0  indicate_semi.o(.text)
    .text                                    0x080007f4   Section       74  sys_stackheap_outer.o(.text)
    .text                                    0x0800083e   Section        0  isspace.o(.text)
    .text                                    0x08000850   Section        0  __printf_nopercent.o(.text)
    .text                                    0x08000878   Section        0  _scanf.o(.text)
    .text                                    0x08000bec   Section        0  filbuf.o(.text)
    .text                                    0x08000e36   Section        0  flsbuf.o(.text)
    .text                                    0x08001018   Section        0  setvbuf.o(.text)
    .text                                    0x08001060   Section        0  ungetc.o(.text)
    _freopen_locked                          0x080010a9   Thumb Code     0  fopen.o(.text)
    .text                                    0x080010a8   Section        0  fopen.o(.text)
    .text                                    0x08001198   Section        0  fclose.o(.text)
    .text                                    0x080011e4   Section        0  exit.o(.text)
    .text                                    0x080011f6   Section        0  defsig_exit.o(.text)
    .text                                    0x08001200   Section        0  defsig_rtred_outer.o(.text)
    .text                                    0x08001210   Section        0  defsig_rtmem_inner.o(.text)
    .text                                    0x08001260   Section       78  rt_memclr_w.o(.text)
    .text                                    0x080012b0   Section        0  sys_exit.o(.text)
    .text                                    0x080012bc   Section       16  rt_ctype_table.o(.text)
    .text                                    0x080012cc   Section        0  fseek.o(.text)
    .text                                    0x080013c4   Section        0  stdio.o(.text)
    .text                                    0x080014cc   Section        0  flushlinebuffered.o(.text)
    .text                                    0x08001504   Section        0  defsig_general.o(.text)
    .text                                    0x08001538   Section        0  defsig_rtred_inner.o(.text)
    .text                                    0x0800156c   Section        0  sys_wrch.o(.text)
    .text                                    0x0800157c   Section        8  rt_locale_intlibspace.o(.text)
    .text                                    0x08001584   Section        0  fflush.o(.text)
    .text                                    0x080015e8   Section        0  ftell.o(.text)
    .text                                    0x0800162c   Section        8  rt_errno_addr_intlibspace.o(.text)
    [Anonymous Symbol]                       0x08001634   Section        0  gpio.o(.text.EXTI0_IRQHandler)
    [Anonymous Symbol]                       0x080016a4   Section        0  gpio.o(.text.EXTI15_10_IRQHandler)
    [Anonymous Symbol]                       0x08001714   Section        0  gpio.o(.text.EXTI1_IRQHandler)
    [Anonymous Symbol]                       0x08001784   Section        0  gpio.o(.text.EXTI2_IRQHandler)
    [Anonymous Symbol]                       0x080017f4   Section        0  gpio.o(.text.EXTI3_IRQHandler)
    [Anonymous Symbol]                       0x08001864   Section        0  gpio.o(.text.EXTI4_IRQHandler)
    [Anonymous Symbol]                       0x080018d4   Section        0  gpio.o(.text.EXTI9_5_IRQHandler)
    [Anonymous Symbol]                       0x08001944   Section        0  stm32f4xx_gpio.o(.text.GPIO_Init)
    [Anonymous Symbol]                       0x080019cc   Section        0  stm32f4xx_gpio.o(.text.GPIO_PinAFConfig)
    [Anonymous Symbol]                       0x080019f4   Section        0  stm32f4xx_rcc.o(.text.RCC_AHB1PeriphClockCmd)
    [Anonymous Symbol]                       0x08001a0c   Section        0  stm32f4xx_rcc.o(.text.RCC_APB1PeriphClockCmd)
    [Anonymous Symbol]                       0x08001a24   Section        0  stm32f4xx_rcc.o(.text.RCC_GetClocksFreq)
    [Anonymous Symbol]                       0x08001ac0   Section        0  timer.o(.text.SysTick_Handler)
    [Anonymous Symbol]                       0x08001acc   Section        0  system_stm32f4xx.o(.text.SystemInit)
    [Anonymous Symbol]                       0x08001ae0   Section        0  uart.o(.text.USART2_IRQHandler)
    [Anonymous Symbol]                       0x08001b24   Section        0  stm32f4xx_usart.o(.text.USART_Cmd)
    [Anonymous Symbol]                       0x08001b3c   Section        0  stm32f4xx_usart.o(.text.USART_GetFlagStatus)
    [Anonymous Symbol]                       0x08001b48   Section        0  stm32f4xx_usart.o(.text.USART_Init)
    [Anonymous Symbol]                       0x08001c0c   Section        0  stm32f4xx_usart.o(.text.USART_ReceiveData)
    [Anonymous Symbol]                       0x08001c14   Section        0  stm32f4xx_usart.o(.text.USART_SendData)
    [Anonymous Symbol]                       0x08001c1c   Section        0  retarget_io.o(.text._sys_close)
    [Anonymous Symbol]                       0x08001c30   Section        0  retarget_io.o(.text._sys_flen)
    [Anonymous Symbol]                       0x08001c34   Section        0  retarget_io.o(.text._sys_istty)
    [Anonymous Symbol]                       0x08001c44   Section        0  retarget_io.o(.text._sys_open)
    [Anonymous Symbol]                       0x08001ca0   Section        0  retarget_io.o(.text._sys_read)
    [Anonymous Symbol]                       0x08001ce8   Section        0  retarget_io.o(.text._sys_seek)
    [Anonymous Symbol]                       0x08001cf0   Section        0  retarget_io.o(.text._sys_write)
    [Anonymous Symbol]                       0x08001d80   Section        0  main.o(.text.main)
    [Anonymous Symbol]                       0x08001e00   Section        0  uart.o(.text.uart_enable)
    [Anonymous Symbol]                       0x08001e10   Section        0  uart.o(.text.uart_init)
    [Anonymous Symbol]                       0x08001e70   Section        0  uart.o(.text.uart_print)
    i.fgetc                                  0x08001ea2   Section        0  fgetc.o(i.fgetc)
    i.fputc                                  0x08001ebc   Section        0  fputc.o(i.fputc)
    locale$$code                             0x08001ed8   Section       44  lc_ctype_c.o(locale$$code)
    $v0                                      0x08001f04   Number         0  fpinit.o(x$fpl$fpinit)
    x$fpl$fpinit                             0x08001f04   Section       26  fpinit.o(x$fpl$fpinit)
    APBAHBPrescTable                         0x08001f1e   Data          16  stm32f4xx_rcc.o(.rodata.APBAHBPrescTable)
    [Anonymous Symbol]                       0x08001f1e   Section        0  stm32f4xx_rcc.o(.rodata.APBAHBPrescTable)
    locale$$data                             0x08001f68   Section      272  lc_ctype_c.o(locale$$data)
    __lcctype_c_name                         0x08001f6c   Data           2  lc_ctype_c.o(locale$$data)
    __lcctype_c_start                        0x08001f74   Data           0  lc_ctype_c.o(locale$$data)
    __lcctype_c_end                          0x08002078   Data           0  lc_ctype_c.o(locale$$data)
    .data                                    0x20000000   Section        4  stdio_streams.o(.data)
    .data                                    0x20000004   Section        4  stdio_streams.o(.data)
    .data                                    0x20000008   Section        4  stdio_streams.o(.data)
    .bss                                     0x20000010   Section       84  stdio_streams.o(.bss)
    .bss                                     0x20000064   Section       84  stdio_streams.o(.bss)
    .bss                                     0x200000b8   Section       84  stdio_streams.o(.bss)
    .bss                                     0x2000010c   Section       96  libspace.o(.bss)
    GPIO_callback                            0x2000016c   Data           4  gpio.o(.bss.GPIO_callback)
    [Anonymous Symbol]                       0x2000016c   Section        0  gpio.o(.bss.GPIO_callback)
    UART_callback                            0x2000017c   Data           4  uart.o(.bss.UART_callback)
    [Anonymous Symbol]                       0x2000017c   Section        0  uart.o(.bss.UART_callback)
    timer_callback                           0x20000180   Data           4  timer.o(.bss.timer_callback)
    [Anonymous Symbol]                       0x20000180   Section        0  timer.o(.bss.timer_callback)
    Heap_Mem                                 0x20000188   Data         512  startup_stm32f411xe.o(HEAP)
    HEAP                                     0x20000188   Section      512  startup_stm32f411xe.o(HEAP)
    Stack_Mem                                0x20000388   Data        1024  startup_stm32f411xe.o(STACK)
    STACK                                    0x20000388   Section     1024  startup_stm32f411xe.o(STACK)
    __initial_sp                             0x20000788   Data           0  startup_stm32f411xe.o(STACK)

    Global Symbols

    Symbol Name                              Value     Ov Type        Size  Object(Section)

    BuildAttributes$$THM_ISAv4$E$P$D$K$B$S$7EM$VFPi3$EXTD16$VFPS$VFMA$PE$A:L22UL41UL21$X:L11$S22US41US21$IEEE1$IW$~IW$USESV6$~STKCKD$USESV7$~SHL$OTIME$ROPI$EBA8$UX$STANDARDLIB$REQ8$PRES8$EABIv2 0x00000000   Number         0  anon$$obj.o ABSOLUTE
    __ARM_exceptions_init                     - Undefined Weak Reference
    __alloca_initialize                       - Undefined Weak Reference
    __arm_preinit_                            - Undefined Weak Reference
    __arm_relocate_pie_                       - Undefined Weak Reference
    __cpp_initialize__aeabi_                  - Undefined Weak Reference
    __cxa_finalize                            - Undefined Weak Reference
    __sigvec_lookup                           - Undefined Weak Reference
    __user_heap_extent                        - Undefined Weak Reference
    _atexit_init                              - Undefined Weak Reference
    _call_atexit_fns                          - Undefined Weak Reference
    _clock_init                               - Undefined Weak Reference
    _fp_trap_init                             - Undefined Weak Reference
    _fp_trap_shutdown                         - Undefined Weak Reference
    _get_lc_collate                           - Undefined Weak Reference
    _get_lc_monetary                          - Undefined Weak Reference
    _get_lc_numeric                           - Undefined Weak Reference
    _get_lc_time                              - Undefined Weak Reference
    _getenv_init                              - Undefined Weak Reference
    _handle_redirection                       - Undefined Weak Reference
    _mutex_acquire                            - Undefined Weak Reference
    _mutex_free                               - Undefined Weak Reference
    _mutex_release                            - Undefined Weak Reference
    _rand_init                                - Undefined Weak Reference
    _scanf_int                                - Undefined Weak Reference
    _scanf_longlong                           - Undefined Weak Reference
    _scanf_mbtowc                             - Undefined Weak Reference
    _scanf_real                               - Undefined Weak Reference
    _scanf_wctomb                             - Undefined Weak Reference
    _scanf_wstring                            - Undefined Weak Reference
    _signal_finish                            - Undefined Weak Reference
    _signal_init                              - Undefined Weak Reference
    __Vectors_Size                           0x00000198   Number         0  startup_stm32f411xe.o ABSOLUTE
    __Vectors                                0x08000000   Data           4  startup_stm32f411xe.o(RESET)
    __Vectors_End                            0x08000198   Data           0  startup_stm32f411xe.o(RESET)
    __main                                   0x08000199   Thumb Code     8  __main.o(!!!main)
    __scatterload                            0x080001a1   Thumb Code     0  __scatter.o(!!!scatter)
    __scatterload_rt2                        0x080001a1   Thumb Code    44  __scatter.o(!!!scatter)
    __scatterload_rt2_thumb_only             0x080001a1   Thumb Code     0  __scatter.o(!!!scatter)
    __scatterload_null                       0x080001af   Thumb Code     0  __scatter.o(!!!scatter)
    __scatterload_copy                       0x080001d5   Thumb Code    26  __scatter_copy.o(!!handler_copy)
    __scatterload_zeroinit                   0x080001f1   Thumb Code    28  __scatter_zi.o(!!handler_zi)
    __rt_lib_init                            0x0800020d   Thumb Code     0  libinit.o(.ARM.Collect$$libinit$$00000000)
    __rt_lib_init_fp_1                       0x0800020f   Thumb Code     0  libinit2.o(.ARM.Collect$$libinit$$00000001)
    __rt_lib_init_heap_2                     0x08000213   Thumb Code     0  libinit2.o(.ARM.Collect$$libinit$$00000007)
    __rt_lib_init_preinit_1                  0x08000213   Thumb Code     0  libinit2.o(.ARM.Collect$$libinit$$00000006)
    __rt_lib_init_relocate_pie_1             0x08000213   Thumb Code     0  libinit2.o(.ARM.Collect$$libinit$$00000004)
    __rt_lib_init_heap_1                     0x0800021b   Thumb Code     0  libinit2.o(.ARM.Collect$$libinit$$0000000C)
    __rt_lib_init_lc_common                  0x0800021b   Thumb Code     0  libinit2.o(.ARM.Collect$$libinit$$00000011)
    __rt_lib_init_rand_1                     0x0800021b   Thumb Code     0  libinit2.o(.ARM.Collect$$libinit$$00000010)
    __rt_lib_init_user_alloc_1               0x0800021b   Thumb Code     0  libinit2.o(.ARM.Collect$$libinit$$0000000E)
    __rt_lib_init_lc_collate_1               0x08000221   Thumb Code     0  libinit2.o(.ARM.Collect$$libinit$$00000013)
    __rt_lib_init_lc_ctype_2                 0x08000221   Thumb Code     0  libinit2.o(.ARM.Collect$$libinit$$00000014)
    __rt_lib_init_atexit_1                   0x0800022d   Thumb Code     0  libinit2.o(.ARM.Collect$$libinit$$0000001D)
    __rt_lib_init_clock_1                    0x0800022d   Thumb Code     0  libinit2.o(.ARM.Collect$$libinit$$00000023)
    __rt_lib_init_fp_trap_1                  0x0800022d   Thumb Code     0  libinit2.o(.ARM.Collect$$libinit$$00000021)
    __rt_lib_init_getenv_1                   0x0800022d   Thumb Code     0  libinit2.o(.ARM.Collect$$libinit$$00000025)
    __rt_lib_init_lc_ctype_1                 0x0800022d   Thumb Code     0  libinit2.o(.ARM.Collect$$libinit$$00000015)
    __rt_lib_init_lc_monetary_1              0x0800022d   Thumb Code     0  libinit2.o(.ARM.Collect$$libinit$$00000017)
    __rt_lib_init_lc_numeric_1               0x0800022d   Thumb Code     0  libinit2.o(.ARM.Collect$$libinit$$00000019)
    __rt_lib_init_lc_time_1                  0x0800022d   Thumb Code     0  libinit2.o(.ARM.Collect$$libinit$$0000001B)
    __rt_lib_init_signal_1                   0x0800022d   Thumb Code     0  libinit2.o(.ARM.Collect$$libinit$$0000001F)
    __rt_lib_init_stdio_2                    0x0800022d   Thumb Code     0  libinit2.o(.ARM.Collect$$libinit$$00000026)
    __rt_lib_init_alloca_1                   0x08000231   Thumb Code     0  libinit2.o(.ARM.Collect$$libinit$$00000030)
    __rt_lib_init_argv_1                     0x08000231   Thumb Code     0  libinit2.o(.ARM.Collect$$libinit$$0000002E)
    __rt_lib_init_cpp_1                      0x08000231   Thumb Code     0  libinit2.o(.ARM.Collect$$libinit$$00000034)
    __rt_lib_init_exceptions_1               0x08000231   Thumb Code     0  libinit2.o(.ARM.Collect$$libinit$$00000032)
    __rt_lib_init_return                     0x08000231   Thumb Code     0  libinit2.o(.ARM.Collect$$libinit$$00000035)
    __rt_lib_init_stdio_1                    0x08000231   Thumb Code     0  libinit2.o(.ARM.Collect$$libinit$$00000027)
    __rt_lib_shutdown                        0x08000233   Thumb Code     0  libshutdown.o(.ARM.Collect$$libshutdown$$00000000)
    __rt_lib_shutdown_cpp_1                  0x08000235   Thumb Code     0  libshutdown2.o(.ARM.Collect$$libshutdown$$00000002)
    __rt_lib_shutdown_stdio_2                0x08000235   Thumb Code     0  libshutdown2.o(.ARM.Collect$$libshutdown$$00000003)
    __rt_lib_shutdown_fp_trap_1              0x08000239   Thumb Code     0  libshutdown2.o(.ARM.Collect$$libshutdown$$00000007)
    __rt_lib_shutdown_heap_1                 0x08000239   Thumb Code     0  libshutdown2.o(.ARM.Collect$$libshutdown$$0000000F)
    __rt_lib_shutdown_return                 0x08000239   Thumb Code     0  libshutdown2.o(.ARM.Collect$$libshutdown$$00000010)
    __rt_lib_shutdown_signal_1               0x08000239   Thumb Code     0  libshutdown2.o(.ARM.Collect$$libshutdown$$0000000A)
    __rt_lib_shutdown_stdio_1                0x08000239   Thumb Code     0  libshutdown2.o(.ARM.Collect$$libshutdown$$00000004)
    __rt_lib_shutdown_user_alloc_1           0x08000239   Thumb Code     0  libshutdown2.o(.ARM.Collect$$libshutdown$$0000000C)
    __rt_entry                               0x0800023b   Thumb Code     0  __rtentry.o(.ARM.Collect$$rtentry$$00000000)
    __rt_entry_presh_1                       0x0800023b   Thumb Code     0  __rtentry2.o(.ARM.Collect$$rtentry$$00000002)
    __rt_entry_sh                            0x0800023b   Thumb Code     0  __rtentry4.o(.ARM.Collect$$rtentry$$00000004)
    __rt_entry_li                            0x08000241   Thumb Code     0  __rtentry2.o(.ARM.Collect$$rtentry$$0000000A)
    __rt_entry_postsh_1                      0x08000241   Thumb Code     0  __rtentry2.o(.ARM.Collect$$rtentry$$00000009)
    __rt_entry_main                          0x08000245   Thumb Code     0  __rtentry2.o(.ARM.Collect$$rtentry$$0000000D)
    __rt_entry_postli_1                      0x08000245   Thumb Code     0  __rtentry2.o(.ARM.Collect$$rtentry$$0000000C)
    __rt_exit                                0x0800024d   Thumb Code     0  rtexit.o(.ARM.Collect$$rtexit$$00000000)
    __rt_exit_ls                             0x0800024f   Thumb Code     0  rtexit2.o(.ARM.Collect$$rtexit$$00000003)
    __rt_exit_prels_1                        0x0800024f   Thumb Code     0  rtexit2.o(.ARM.Collect$$rtexit$$00000002)
    __rt_exit_exit                           0x08000253   Thumb Code     0  rtexit2.o(.ARM.Collect$$rtexit$$00000004)
    Reset_Handler                            0x08000259   Thumb Code     8  startup_stm32f411xe.o(.text)
    NMI_Handler                              0x08000261   Thumb Code     2  startup_stm32f411xe.o(.text)
    HardFault_Handler                        0x08000263   Thumb Code     2  startup_stm32f411xe.o(.text)
    MemManage_Handler                        0x08000265   Thumb Code     2  startup_stm32f411xe.o(.text)
    BusFault_Handler                         0x08000267   Thumb Code     2  startup_stm32f411xe.o(.text)
    UsageFault_Handler                       0x08000269   Thumb Code     2  startup_stm32f411xe.o(.text)
    SVC_Handler                              0x0800026b   Thumb Code     2  startup_stm32f411xe.o(.text)
    DebugMon_Handler                         0x0800026d   Thumb Code     2  startup_stm32f411xe.o(.text)
    PendSV_Handler                           0x0800026f   Thumb Code     2  startup_stm32f411xe.o(.text)
    ADC_IRQHandler                           0x08000273   Thumb Code     0  startup_stm32f411xe.o(.text)
    DMA1_Stream0_IRQHandler                  0x08000273   Thumb Code     0  startup_stm32f411xe.o(.text)
    DMA1_Stream1_IRQHandler                  0x08000273   Thumb Code     0  startup_stm32f411xe.o(.text)
    DMA1_Stream2_IRQHandler                  0x08000273   Thumb Code     0  startup_stm32f411xe.o(.text)
    DMA1_Stream3_IRQHandler                  0x08000273   Thumb Code     0  startup_stm32f411xe.o(.text)
    DMA1_Stream4_IRQHandler                  0x08000273   Thumb Code     0  startup_stm32f411xe.o(.text)
    DMA1_Stream5_IRQHandler                  0x08000273   Thumb Code     0  startup_stm32f411xe.o(.text)
    DMA1_Stream6_IRQHandler                  0x08000273   Thumb Code     0  startup_stm32f411xe.o(.text)
    DMA1_Stream7_IRQHandler                  0x08000273   Thumb Code     0  startup_stm32f411xe.o(.text)
    DMA2_Stream0_IRQHandler                  0x08000273   Thumb Code     0  startup_stm32f411xe.o(.text)
    DMA2_Stream1_IRQHandler                  0x08000273   Thumb Code     0  startup_stm32f411xe.o(.text)
    DMA2_Stream2_IRQHandler                  0x08000273   Thumb Code     0  startup_stm32f411xe.o(.text)
    DMA2_Stream3_IRQHandler                  0x08000273   Thumb Code     0  startup_stm32f411xe.o(.text)
    DMA2_Stream4_IRQHandler                  0x08000273   Thumb Code     0  startup_stm32f411xe.o(.text)
    DMA2_Stream5_IRQHandler                  0x08000273   Thumb Code     0  startup_stm32f411xe.o(.text)
    DMA2_Stream6_IRQHandler                  0x08000273   Thumb Code     0  startup_stm32f411xe.o(.text)
    DMA2_Stream7_IRQHandler                  0x08000273   Thumb Code     0  startup_stm32f411xe.o(.text)
    FLASH_IRQHandler                         0x08000273   Thumb Code     0  startup_stm32f411xe.o(.text)
    FPU_IRQHandler                           0x08000273   Thumb Code     0  startup_stm32f411xe.o(.text)
    I2C1_ER_IRQHandler                       0x08000273   Thumb Code     0  startup_stm32f411xe.o(.text)
    I2C1_EV_IRQHandler                       0x08000273   Thumb Code     0  startup_stm32f411xe.o(.text)
    I2C2_ER_IRQHandler                       0x08000273   Thumb Code     0  startup_stm32f411xe.o(.text)
    I2C2_EV_IRQHandler                       0x08000273   Thumb Code     0  startup_stm32f411xe.o(.text)
    I2C3_ER_IRQHandler                       0x08000273   Thumb Code     0  startup_stm32f411xe.o(.text)
    I2C3_EV_IRQHandler                       0x08000273   Thumb Code     0  startup_stm32f411xe.o(.text)
    OTG_FS_IRQHandler                        0x08000273   Thumb Code     0  startup_stm32f411xe.o(.text)
    OTG_FS_WKUP_IRQHandler                   0x08000273   Thumb Code     0  startup_stm32f411xe.o(.text)
    PVD_IRQHandler                           0x08000273   Thumb Code     0  startup_stm32f411xe.o(.text)
    RCC_IRQHandler                           0x08000273   Thumb Code     0  startup_stm32f411xe.o(.text)
    RTC_Alarm_IRQHandler                     0x08000273   Thumb Code     0  startup_stm32f411xe.o(.text)
    RTC_WKUP_IRQHandler                      0x08000273   Thumb Code     0  startup_stm32f411xe.o(.text)
    SDIO_IRQHandler                          0x08000273   Thumb Code     0  startup_stm32f411xe.o(.text)
    SPI1_IRQHandler                          0x08000273   Thumb Code     0  startup_stm32f411xe.o(.text)
    SPI2_IRQHandler                          0x08000273   Thumb Code     0  startup_stm32f411xe.o(.text)
    SPI3_IRQHandler                          0x08000273   Thumb Code     0  startup_stm32f411xe.o(.text)
    SPI4_IRQHandler                          0x08000273   Thumb Code     0  startup_stm32f411xe.o(.text)
    SPI5_IRQHandler                          0x08000273   Thumb Code     0  startup_stm32f411xe.o(.text)
    TAMP_STAMP_IRQHandler                    0x08000273   Thumb Code     0  startup_stm32f411xe.o(.text)
    TIM1_BRK_TIM9_IRQHandler                 0x08000273   Thumb Code     0  startup_stm32f411xe.o(.text)
    TIM1_CC_IRQHandler                       0x08000273   Thumb Code     0  startup_stm32f411xe.o(.text)
    TIM1_TRG_COM_TIM11_IRQHandler            0x08000273   Thumb Code     0  startup_stm32f411xe.o(.text)
    TIM1_UP_TIM10_IRQHandler                 0x08000273   Thumb Code     0  startup_stm32f411xe.o(.text)
    TIM2_IRQHandler                          0x08000273   Thumb Code     0  startup_stm32f411xe.o(.text)
    TIM3_IRQHandler                          0x08000273   Thumb Code     0  startup_stm32f411xe.o(.text)
    TIM4_IRQHandler                          0x08000273   Thumb Code     0  startup_stm32f411xe.o(.text)
    TIM5_IRQHandler                          0x08000273   Thumb Code     0  startup_stm32f411xe.o(.text)
    USART1_IRQHandler                        0x08000273   Thumb Code     0  startup_stm32f411xe.o(.text)
    USART6_IRQHandler                        0x08000273   Thumb Code     0  startup_stm32f411xe.o(.text)
    WWDG_IRQHandler                          0x08000273   Thumb Code     0  startup_stm32f411xe.o(.text)
    __user_initial_stackheap                 0x08000275   Thumb Code     0  startup_stm32f411xe.o(.text)
    malloc                                   0x08000299   Thumb Code    94  h1_alloc.o(.text)
    __2printf                                0x080002f9   Thumb Code    20  noretval__2printf.o(.text)
    __0scanf                                 0x08000311   Thumb Code    26  __0scanf.o(.text)
    _scanf_string                            0x08000331   Thumb Code   224  _scanf_str.o(.text)
    strcmp                                   0x08000411   Thumb Code   124  strcmpv7em.o(.text)
    __use_two_region_memory                  0x0800048d   Thumb Code     2  heapauxi.o(.text)
    __rt_heap_escrow                         0x0800048f   Thumb Code     2  heapauxi.o(.text)
    __rt_heap_expand                         0x08000491   Thumb Code     2  heapauxi.o(.text)
    __rt_heap_descriptor                     0x08000495   Thumb Code     8  rt_heap_descriptor_intlibspace.o(.text)
    __use_no_heap                            0x0800049d   Thumb Code     2  hguard.o(.text)
    __heap$guard                             0x0800049f   Thumb Code     2  hguard.o(.text)
    _terminate_user_alloc                    0x080004a1   Thumb Code     2  init_alloc.o(.text)
    _init_user_alloc                         0x080004a3   Thumb Code     2  init_alloc.o(.text)
    __Heap_Full                              0x080004a5   Thumb Code    34  init_alloc.o(.text)
    __Heap_Broken                            0x080004c7   Thumb Code     6  init_alloc.o(.text)
    _init_alloc                              0x080004cd   Thumb Code    94  init_alloc.o(.text)
    __Heap_Initialize                        0x0800052b   Thumb Code    10  h1_init.o(.text)
    __Heap_DescSize                          0x08000535   Thumb Code     4  h1_init.o(.text)
    free                                     0x08000539   Thumb Code    78  h1_free.o(.text)
    _printf_char_file                        0x08000589   Thumb Code    32  _printf_char_file.o(.text)
    __vfscanf_char_file                      0x080005ad   Thumb Code    16  scanf_char_file.o(.text)
    __user_libspace                          0x080005c5   Thumb Code     8  libspace.o(.text)
    __user_perproc_libspace                  0x080005c5   Thumb Code     0  libspace.o(.text)
    __user_perthread_libspace                0x080005c5   Thumb Code     0  libspace.o(.text)
    __Heap_ProvideMemory                     0x080005cd   Thumb Code    52  h1_extend.o(.text)
    _maybe_terminate_alloc                   0x080005cd   Thumb Code     0  maybetermalloc1.o(.text)
    _printf_char_common                      0x0800060b   Thumb Code    32  _printf_char_common.o(.text)
    __vfscanf_char                           0x0800063d   Thumb Code    24  scanf_char.o(.text)
    ___backspace$unlocked                    0x0800065d   Thumb Code     2  backspace.o(.text)
    __backspace                              0x0800065f   Thumb Code    70  backspace.o(.text)
    ferror                                   0x080006a5   Thumb Code     8  ferror.o(.text)
    _initio                                  0x080006ad   Thumb Code   210  initio.o(.text)
    _terminateio                             0x0800077f   Thumb Code    56  initio.o(.text)
    __rt_SIGRTMEM                            0x080007e5   Thumb Code    14  defsig_rtmem_outer.o(.text)
    __I$use$semihosting                      0x080007f3   Thumb Code     0  use_no_semi.o(.text)
    __use_no_semihosting_swi                 0x080007f3   Thumb Code     2  use_no_semi.o(.text)
    __semihosting_library_function           0x080007f5   Thumb Code     0  indicate_semi.o(.text)
    __user_setup_stackheap                   0x080007f5   Thumb Code    74  sys_stackheap_outer.o(.text)
    isspace                                  0x0800083f   Thumb Code    18  isspace.o(.text)
    __printf                                 0x08000851   Thumb Code    40  __printf_nopercent.o(.text)
    __vfscanf                                0x08000879   Thumb Code   878  _scanf.o(.text)
    _readbuf                                 0x08000bed   Thumb Code    54  filbuf.o(.text)
    _seteof                                  0x08000c23   Thumb Code    40  filbuf.o(.text)
    __filbuf                                 0x08000c4b   Thumb Code   492  filbuf.o(.text)
    __filbuf_byte                            0x08000c4b   Thumb Code     0  filbuf.o(.text)
    __filbuf_wide                            0x08000c4b   Thumb Code     0  filbuf.o(.text)
    __flsbuf                                 0x08000e37   Thumb Code   482  flsbuf.o(.text)
    __flsbuf_byte                            0x08000e37   Thumb Code     0  flsbuf.o(.text)
    __flsbuf_wide                            0x08000e37   Thumb Code     0  flsbuf.o(.text)
    setvbuf                                  0x08001019   Thumb Code    70  setvbuf.o(.text)
    _ungetc_internal                         0x08001061   Thumb Code    60  ungetc.o(.text)
    ungetc                                   0x08001061   Thumb Code     0  ungetc.o(.text)
    freopen                                  0x080010a9   Thumb Code   160  fopen.o(.text)
    fopen                                    0x08001149   Thumb Code    74  fopen.o(.text)
    _fclose_internal                         0x08001199   Thumb Code    76  fclose.o(.text)
    fclose                                   0x08001199   Thumb Code     0  fclose.o(.text)
    exit                                     0x080011e5   Thumb Code    18  exit.o(.text)
    __sig_exit                               0x080011f7   Thumb Code    10  defsig_exit.o(.text)
    __rt_SIGRTRED                            0x08001201   Thumb Code    14  defsig_rtred_outer.o(.text)
    __rt_SIGRTMEM_inner                      0x08001211   Thumb Code    22  defsig_rtmem_inner.o(.text)
    __aeabi_memclr4                          0x08001261   Thumb Code     0  rt_memclr_w.o(.text)
    __aeabi_memclr8                          0x08001261   Thumb Code     0  rt_memclr_w.o(.text)
    __rt_memclr_w                            0x08001261   Thumb Code     0  rt_memclr_w.o(.text)
    _memset_w                                0x08001265   Thumb Code    74  rt_memclr_w.o(.text)
    _sys_exit                                0x080012b1   Thumb Code     8  sys_exit.o(.text)
    __rt_ctype_table                         0x080012bd   Thumb Code    16  rt_ctype_table.o(.text)
    _fseek                                   0x080012cd   Thumb Code   242  fseek.o(.text)
    fseek                                    0x080012cd   Thumb Code     0  fseek.o(.text)
    _seterr                                  0x080013c5   Thumb Code    20  stdio.o(.text)
    _writebuf                                0x080013d9   Thumb Code   108  stdio.o(.text)
    _fflush                                  0x08001445   Thumb Code    70  stdio.o(.text)
    _deferredlazyseek                        0x0800148b   Thumb Code    60  stdio.o(.text)
    _flushlinebuffered                       0x080014cd   Thumb Code    50  flushlinebuffered.o(.text)
    __default_signal_display                 0x08001505   Thumb Code    50  defsig_general.o(.text)
    __rt_SIGRTRED_inner                      0x08001539   Thumb Code    14  defsig_rtred_inner.o(.text)
    _ttywrch                                 0x0800156d   Thumb Code    14  sys_wrch.o(.text)
    __rt_locale                              0x0800157d   Thumb Code     8  rt_locale_intlibspace.o(.text)
    _do_fflush                               0x08001585   Thumb Code    54  fflush.o(.text)
    fflush                                   0x080015bb   Thumb Code    42  fflush.o(.text)
    _ftell_internal                          0x080015e9   Thumb Code    66  ftell.o(.text)
    ftell                                    0x080015e9   Thumb Code     0  ftell.o(.text)
    __aeabi_errno_addr                       0x0800162d   Thumb Code     8  rt_errno_addr_intlibspace.o(.text)
    __errno$intlibspace                      0x0800162d   Thumb Code     0  rt_errno_addr_intlibspace.o(.text)
    __rt_errno_addr$intlibspace              0x0800162d   Thumb Code     0  rt_errno_addr_intlibspace.o(.text)
    EXTI0_IRQHandler                         0x08001635   Thumb Code   110  gpio.o(.text.EXTI0_IRQHandler)
    EXTI15_10_IRQHandler                     0x080016a5   Thumb Code   112  gpio.o(.text.EXTI15_10_IRQHandler)
    EXTI1_IRQHandler                         0x08001715   Thumb Code   110  gpio.o(.text.EXTI1_IRQHandler)
    EXTI2_IRQHandler                         0x08001785   Thumb Code   112  gpio.o(.text.EXTI2_IRQHandler)
    EXTI3_IRQHandler                         0x080017f5   Thumb Code   112  gpio.o(.text.EXTI3_IRQHandler)
    EXTI4_IRQHandler                         0x08001865   Thumb Code   112  gpio.o(.text.EXTI4_IRQHandler)
    EXTI9_5_IRQHandler                       0x080018d5   Thumb Code   112  gpio.o(.text.EXTI9_5_IRQHandler)
    GPIO_Init                                0x08001945   Thumb Code   134  stm32f4xx_gpio.o(.text.GPIO_Init)
    GPIO_PinAFConfig                         0x080019cd   Thumb Code    40  stm32f4xx_gpio.o(.text.GPIO_PinAFConfig)
    RCC_AHB1PeriphClockCmd                   0x080019f5   Thumb Code    24  stm32f4xx_rcc.o(.text.RCC_AHB1PeriphClockCmd)
    RCC_APB1PeriphClockCmd                   0x08001a0d   Thumb Code    24  stm32f4xx_rcc.o(.text.RCC_APB1PeriphClockCmd)
    RCC_GetClocksFreq                        0x08001a25   Thumb Code   154  stm32f4xx_rcc.o(.text.RCC_GetClocksFreq)
    SysTick_Handler                          0x08001ac1   Thumb Code    12  timer.o(.text.SysTick_Handler)
    SystemInit                               0x08001acd   Thumb Code    18  system_stm32f4xx.o(.text.SystemInit)
    USART2_IRQHandler                        0x08001ae1   Thumb Code    68  uart.o(.text.USART2_IRQHandler)
    USART_Cmd                                0x08001b25   Thumb Code    22  stm32f4xx_usart.o(.text.USART_Cmd)
    USART_GetFlagStatus                      0x08001b3d   Thumb Code    10  stm32f4xx_usart.o(.text.USART_GetFlagStatus)
    USART_Init                               0x08001b49   Thumb Code   196  stm32f4xx_usart.o(.text.USART_Init)
    USART_ReceiveData                        0x08001c0d   Thumb Code     8  stm32f4xx_usart.o(.text.USART_ReceiveData)
    USART_SendData                           0x08001c15   Thumb Code     8  stm32f4xx_usart.o(.text.USART_SendData)
    _sys_close                               0x08001c1d   Thumb Code    20  retarget_io.o(.text._sys_close)
    _sys_flen                                0x08001c31   Thumb Code     4  retarget_io.o(.text._sys_flen)
    _sys_istty                               0x08001c35   Thumb Code    16  retarget_io.o(.text._sys_istty)
    _sys_open                                0x08001c45   Thumb Code    92  retarget_io.o(.text._sys_open)
    _sys_read                                0x08001ca1   Thumb Code    72  retarget_io.o(.text._sys_read)
    _sys_seek                                0x08001ce9   Thumb Code     6  retarget_io.o(.text._sys_seek)
    _sys_write                               0x08001cf1   Thumb Code   142  retarget_io.o(.text._sys_write)
    main                                     0x08001d81   Thumb Code   104  main.o(.text.main)
    uart_enable                              0x08001e01   Thumb Code    14  uart.o(.text.uart_enable)
    uart_init                                0x08001e11   Thumb Code    96  uart.o(.text.uart_init)
    uart_print                               0x08001e71   Thumb Code    50  uart.o(.text.uart_print)
    fgetc                                    0x08001ea3   Thumb Code    26  fgetc.o(i.fgetc)
    fputc                                    0x08001ebd   Thumb Code    28  fputc.o(i.fputc)
    _get_lc_ctype                            0x08001ed9   Thumb Code    44  lc_ctype_c.o(locale$$code)
    _fp_init                                 0x08001f05   Thumb Code    26  fpinit.o(x$fpl$fpinit)
    __fplib_config_fpu_vfp                   0x08001f1d   Thumb Code     0  fpinit.o(x$fpl$fpinit)
    __fplib_config_pureend_doubles           0x08001f1d   Thumb Code     0  fpinit.o(x$fpl$fpinit)
    __stderr_name                            0x08001f2e   Data           8  retarget_io.o(.rodata.__stderr_name)
    __stdin_name                             0x08001f36   Data           7  retarget_io.o(.rodata.__stdin_name)
    __stdout_name                            0x08001f3d   Data           8  retarget_io.o(.rodata.__stdout_name)
    Region$$Table$$Base                      0x08001f48   Number         0  anon$$obj.o(Region$$Table)
    Region$$Table$$Limit                     0x08001f68   Number         0  anon$$obj.o(Region$$Table)
    __ctype                                  0x08001f75   Data           0  lc_ctype_c.o(locale$$data)
    __aeabi_stdin                            0x20000000   Data           4  stdio_streams.o(.data)
    __aeabi_stdout                           0x20000004   Data           4  stdio_streams.o(.data)
    __aeabi_stderr                           0x20000008   Data           4  stdio_streams.o(.data)
    ITM_RxBuffer                             0x2000000c   Data           4  retarget_io.o(.data.ITM_RxBuffer)
    __stdin                                  0x20000010   Data          84  stdio_streams.o(.bss)
    __stdout                                 0x20000064   Data          84  stdio_streams.o(.bss)
    __stderr                                 0x200000b8   Data          84  stdio_streams.o(.bss)
    __libspace_start                         0x2000010c   Data          96  libspace.o(.bss)
    __temporary_stack_top$libspace           0x2000016c   Data           0  libspace.o(.bss)
    IRQ_pin_index                            0x20000170   Data           4  gpio.o(.bss.IRQ_pin_index)
    IRQ_port_num                             0x20000174   Data           4  gpio.o(.bss.IRQ_port_num)
    IRQ_status                               0x20000178   Data           4  gpio.o(.bss.IRQ_status)



==============================================================================

Memory Map of the image

  Image Entry point : 0x08000199

  Load Region LR_IROM1 (Base: 0x08000000, Size: 0x00002088, Max: 0x00080000, ABSOLUTE)

    Execution Region ER_IROM1 (Exec base: 0x08000000, Load base: 0x08000000, Size: 0x00002078, Max: 0x00080000, ABSOLUTE)

    Exec Addr    Load Addr    Size         Type   Attr      Idx    E Section Name        Object

    0x08000000   0x08000000   0x00000198   Data   RO          604    RESET               startup_stm32f411xe.o
    0x08000198   0x08000198   0x00000008   Code   RO          696  * !!!main             c_w.l(__main.o)
    0x080001a0   0x080001a0   0x00000034   Code   RO         1054    !!!scatter          c_w.l(__scatter.o)
    0x080001d4   0x080001d4   0x0000001a   Code   RO         1056    !!handler_copy      c_w.l(__scatter_copy.o)
    0x080001ee   0x080001ee   0x00000002   PAD
    0x080001f0   0x080001f0   0x0000001c   Code   RO         1058    !!handler_zi        c_w.l(__scatter_zi.o)
    0x0800020c   0x0800020c   0x00000002   Code   RO          932    .ARM.Collect$$libinit$$00000000  c_w.l(libinit.o)
    0x0800020e   0x0800020e   0x00000004   Code   RO          758    .ARM.Collect$$libinit$$00000001  c_w.l(libinit2.o)
    0x08000212   0x08000212   0x00000000   Code   RO          761    .ARM.Collect$$libinit$$00000004  c_w.l(libinit2.o)
    0x08000212   0x08000212   0x00000000   Code   RO          763    .ARM.Collect$$libinit$$00000006  c_w.l(libinit2.o)
    0x08000212   0x08000212   0x00000008   Code   RO          764    .ARM.Collect$$libinit$$00000007  c_w.l(libinit2.o)
    0x0800021a   0x0800021a   0x00000000   Code   RO          766    .ARM.Collect$$libinit$$0000000C  c_w.l(libinit2.o)
    0x0800021a   0x0800021a   0x00000000   Code   RO          768    .ARM.Collect$$libinit$$0000000E  c_w.l(libinit2.o)
    0x0800021a   0x0800021a   0x00000000   Code   RO          770    .ARM.Collect$$libinit$$00000010  c_w.l(libinit2.o)
    0x0800021a   0x0800021a   0x00000006   Code   RO          771    .ARM.Collect$$libinit$$00000011  c_w.l(libinit2.o)
    0x08000220   0x08000220   0x00000000   Code   RO          773    .ARM.Collect$$libinit$$00000013  c_w.l(libinit2.o)
    0x08000220   0x08000220   0x0000000c   Code   RO          774    .ARM.Collect$$libinit$$00000014  c_w.l(libinit2.o)
    0x0800022c   0x0800022c   0x00000000   Code   RO          775    .ARM.Collect$$libinit$$00000015  c_w.l(libinit2.o)
    0x0800022c   0x0800022c   0x00000000   Code   RO          777    .ARM.Collect$$libinit$$00000017  c_w.l(libinit2.o)
    0x0800022c   0x0800022c   0x00000000   Code   RO          779    .ARM.Collect$$libinit$$00000019  c_w.l(libinit2.o)
    0x0800022c   0x0800022c   0x00000000   Code   RO          781    .ARM.Collect$$libinit$$0000001B  c_w.l(libinit2.o)
    0x0800022c   0x0800022c   0x00000000   Code   RO          783    .ARM.Collect$$libinit$$0000001D  c_w.l(libinit2.o)
    0x0800022c   0x0800022c   0x00000000   Code   RO          785    .ARM.Collect$$libinit$$0000001F  c_w.l(libinit2.o)
    0x0800022c   0x0800022c   0x00000000   Code   RO          787    .ARM.Collect$$libinit$$00000021  c_w.l(libinit2.o)
    0x0800022c   0x0800022c   0x00000000   Code   RO          789    .ARM.Collect$$libinit$$00000023  c_w.l(libinit2.o)
    0x0800022c   0x0800022c   0x00000000   Code   RO          791    .ARM.Collect$$libinit$$00000025  c_w.l(libinit2.o)
    0x0800022c   0x0800022c   0x00000004   Code   RO          792    .ARM.Collect$$libinit$$00000026  c_w.l(libinit2.o)
    0x08000230   0x08000230   0x00000000   Code   RO          793    .ARM.Collect$$libinit$$00000027  c_w.l(libinit2.o)
    0x08000230   0x08000230   0x00000000   Code   RO          797    .ARM.Collect$$libinit$$0000002E  c_w.l(libinit2.o)
    0x08000230   0x08000230   0x00000000   Code   RO          799    .ARM.Collect$$libinit$$00000030  c_w.l(libinit2.o)
    0x08000230   0x08000230   0x00000000   Code   RO          801    .ARM.Collect$$libinit$$00000032  c_w.l(libinit2.o)
    0x08000230   0x08000230   0x00000000   Code   RO          803    .ARM.Collect$$libinit$$00000034  c_w.l(libinit2.o)
    0x08000230   0x08000230   0x00000002   Code   RO          804    .ARM.Collect$$libinit$$00000035  c_w.l(libinit2.o)
    0x08000232   0x08000232   0x00000002   Code   RO         1051    .ARM.Collect$$libshutdown$$00000000  c_w.l(libshutdown.o)
    0x08000234   0x08000234   0x00000000   Code   RO          934    .ARM.Collect$$libshutdown$$00000002  c_w.l(libshutdown2.o)
    0x08000234   0x08000234   0x00000004   Code   RO          935    .ARM.Collect$$libshutdown$$00000003  c_w.l(libshutdown2.o)
    0x08000238   0x08000238   0x00000000   Code   RO          936    .ARM.Collect$$libshutdown$$00000004  c_w.l(libshutdown2.o)
    0x08000238   0x08000238   0x00000000   Code   RO          939    .ARM.Collect$$libshutdown$$00000007  c_w.l(libshutdown2.o)
    0x08000238   0x08000238   0x00000000   Code   RO          942    .ARM.Collect$$libshutdown$$0000000A  c_w.l(libshutdown2.o)
    0x08000238   0x08000238   0x00000000   Code   RO          944    .ARM.Collect$$libshutdown$$0000000C  c_w.l(libshutdown2.o)
    0x08000238   0x08000238   0x00000000   Code   RO          947    .ARM.Collect$$libshutdown$$0000000F  c_w.l(libshutdown2.o)
    0x08000238   0x08000238   0x00000002   Code   RO          948    .ARM.Collect$$libshutdown$$00000010  c_w.l(libshutdown2.o)
    0x0800023a   0x0800023a   0x00000000   Code   RO          714    .ARM.Collect$$rtentry$$00000000  c_w.l(__rtentry.o)
    0x0800023a   0x0800023a   0x00000000   Code   RO          818    .ARM.Collect$$rtentry$$00000002  c_w.l(__rtentry2.o)
    0x0800023a   0x0800023a   0x00000006   Code   RO          830    .ARM.Collect$$rtentry$$00000004  c_w.l(__rtentry4.o)
    0x08000240   0x08000240   0x00000000   Code   RO          820    .ARM.Collect$$rtentry$$00000009  c_w.l(__rtentry2.o)
    0x08000240   0x08000240   0x00000004   Code   RO          821    .ARM.Collect$$rtentry$$0000000A  c_w.l(__rtentry2.o)
    0x08000244   0x08000244   0x00000000   Code   RO          823    .ARM.Collect$$rtentry$$0000000C  c_w.l(__rtentry2.o)
    0x08000244   0x08000244   0x00000008   Code   RO          824    .ARM.Collect$$rtentry$$0000000D  c_w.l(__rtentry2.o)
    0x0800024c   0x0800024c   0x00000002   Code   RO          957    .ARM.Collect$$rtexit$$00000000  c_w.l(rtexit.o)
    0x0800024e   0x0800024e   0x00000000   Code   RO         1002    .ARM.Collect$$rtexit$$00000002  c_w.l(rtexit2.o)
    0x0800024e   0x0800024e   0x00000004   Code   RO         1003    .ARM.Collect$$rtexit$$00000003  c_w.l(rtexit2.o)
    0x08000252   0x08000252   0x00000006   Code   RO         1004    .ARM.Collect$$rtexit$$00000004  c_w.l(rtexit2.o)
    0x08000258   0x08000258   0x00000040   Code   RO          605    .text               startup_stm32f411xe.o
    0x08000298   0x08000298   0x0000005e   Code   RO          630    .text               c_w.l(h1_alloc.o)
    0x080002f6   0x080002f6   0x00000002   PAD
    0x080002f8   0x080002f8   0x00000018   Code   RO          686    .text               c_w.l(noretval__2printf.o)
    0x08000310   0x08000310   0x00000020   Code   RO          688    .text               c_w.l(__0scanf.o)
    0x08000330   0x08000330   0x000000e0   Code   RO          690    .text               c_w.l(_scanf_str.o)
    0x08000410   0x08000410   0x0000007c   Code   RO          692    .text               c_w.l(strcmpv7em.o)
    0x0800048c   0x0800048c   0x00000006   Code   RO          694    .text               c_w.l(heapauxi.o)
    0x08000492   0x08000492   0x00000002   PAD
    0x08000494   0x08000494   0x00000008   Code   RO          718    .text               c_w.l(rt_heap_descriptor_intlibspace.o)
    0x0800049c   0x0800049c   0x00000004   Code   RO          720    .text               c_w.l(hguard.o)
    0x080004a0   0x080004a0   0x0000008a   Code   RO          722    .text               c_w.l(init_alloc.o)
    0x0800052a   0x0800052a   0x0000000e   Code   RO          728    .text               c_w.l(h1_init.o)
    0x08000538   0x08000538   0x0000004e   Code   RO          730    .text               c_w.l(h1_free.o)
    0x08000586   0x08000586   0x00000002   PAD
    0x08000588   0x08000588   0x00000024   Code   RO          744    .text               c_w.l(_printf_char_file.o)
    0x080005ac   0x080005ac   0x00000018   Code   RO          746    .text               c_w.l(scanf_char_file.o)
    0x080005c4   0x080005c4   0x00000008   Code   RO          814    .text               c_w.l(libspace.o)
    0x080005cc   0x080005cc   0x00000000   Code   RO          834    .text               c_w.l(maybetermalloc1.o)
    0x080005cc   0x080005cc   0x00000034   Code   RO          836    .text               c_w.l(h1_extend.o)
    0x08000600   0x08000600   0x00000030   Code   RO          840    .text               c_w.l(_printf_char_common.o)
    0x08000630   0x08000630   0x0000002c   Code   RO          842    .text               c_w.l(scanf_char.o)
    0x0800065c   0x0800065c   0x00000048   Code   RO          844    .text               c_w.l(backspace.o)
    0x080006a4   0x080006a4   0x00000008   Code   RO          846    .text               c_w.l(ferror.o)
    0x080006ac   0x080006ac   0x00000138   Code   RO          856    .text               c_w.l(initio.o)
    0x080007e4   0x080007e4   0x0000000e   Code   RO          868    .text               c_w.l(defsig_rtmem_outer.o)
    0x080007f2   0x080007f2   0x00000002   Code   RO          879    .text               c_w.l(use_no_semi.o)
    0x080007f4   0x080007f4   0x00000000   Code   RO          881    .text               c_w.l(indicate_semi.o)
    0x080007f4   0x080007f4   0x0000004a   Code   RO          882    .text               c_w.l(sys_stackheap_outer.o)
    0x0800083e   0x0800083e   0x00000012   Code   RO          888    .text               c_w.l(isspace.o)
    0x08000850   0x08000850   0x00000028   Code   RO          890    .text               c_w.l(__printf_nopercent.o)
    0x08000878   0x08000878   0x00000374   Code   RO          892    .text               c_w.l(_scanf.o)
    0x08000bec   0x08000bec   0x0000024a   Code   RO          894    .text               c_w.l(filbuf.o)
    0x08000e36   0x08000e36   0x000001e2   Code   RO          896    .text               c_w.l(flsbuf.o)
    0x08001018   0x08001018   0x00000046   Code   RO          898    .text               c_w.l(setvbuf.o)
    0x0800105e   0x0800105e   0x00000002   PAD
    0x08001060   0x08001060   0x00000048   Code   RO          900    .text               c_w.l(ungetc.o)
    0x080010a8   0x080010a8   0x000000f0   Code   RO          903    .text               c_w.l(fopen.o)
    0x08001198   0x08001198   0x0000004c   Code   RO          905    .text               c_w.l(fclose.o)
    0x080011e4   0x080011e4   0x00000012   Code   RO          911    .text               c_w.l(exit.o)
    0x080011f6   0x080011f6   0x0000000a   Code   RO          913    .text               c_w.l(defsig_exit.o)
    0x08001200   0x08001200   0x0000000e   Code   RO          915    .text               c_w.l(defsig_rtred_outer.o)
    0x0800120e   0x0800120e   0x00000002   PAD
    0x08001210   0x08001210   0x00000050   Code   RO          919    .text               c_w.l(defsig_rtmem_inner.o)
    0x08001260   0x08001260   0x0000004e   Code   RO          921    .text               c_w.l(rt_memclr_w.o)
    0x080012ae   0x080012ae   0x00000002   PAD
    0x080012b0   0x080012b0   0x0000000c   Code   RO          953    .text               c_w.l(sys_exit.o)
    0x080012bc   0x080012bc   0x00000010   Code   RO          959    .text               c_w.l(rt_ctype_table.o)
    0x080012cc   0x080012cc   0x000000f8   Code   RO          969    .text               c_w.l(fseek.o)
    0x080013c4   0x080013c4   0x00000108   Code   RO          971    .text               c_w.l(stdio.o)
    0x080014cc   0x080014cc   0x00000038   Code   RO          979    .text               c_w.l(flushlinebuffered.o)
    0x08001504   0x08001504   0x00000032   Code   RO          991    .text               c_w.l(defsig_general.o)
    0x08001536   0x08001536   0x00000002   PAD
    0x08001538   0x08001538   0x00000034   Code   RO          993    .text               c_w.l(defsig_rtred_inner.o)
    0x0800156c   0x0800156c   0x0000000e   Code   RO          997    .text               c_w.l(sys_wrch.o)
    0x0800157a   0x0800157a   0x00000002   PAD
    0x0800157c   0x0800157c   0x00000008   Code   RO         1011    .text               c_w.l(rt_locale_intlibspace.o)
    0x08001584   0x08001584   0x00000064   Code   RO         1013    .text               c_w.l(fflush.o)
    0x080015e8   0x080015e8   0x00000042   Code   RO         1017    .text               c_w.l(ftell.o)
    0x0800162a   0x0800162a   0x00000002   PAD
    0x0800162c   0x0800162c   0x00000008   Code   RO         1033    .text               c_w.l(rt_errno_addr_intlibspace.o)
    0x08001634   0x08001634   0x0000006e   Code   RO           99    .text.EXTI0_IRQHandler  gpio.o
    0x080016a2   0x080016a2   0x00000002   PAD
    0x080016a4   0x080016a4   0x00000070   Code   RO          111    .text.EXTI15_10_IRQHandler  gpio.o
    0x08001714   0x08001714   0x0000006e   Code   RO          101    .text.EXTI1_IRQHandler  gpio.o
    0x08001782   0x08001782   0x00000002   PAD
    0x08001784   0x08001784   0x00000070   Code   RO          103    .text.EXTI2_IRQHandler  gpio.o
    0x080017f4   0x080017f4   0x00000070   Code   RO          105    .text.EXTI3_IRQHandler  gpio.o
    0x08001864   0x08001864   0x00000070   Code   RO          107    .text.EXTI4_IRQHandler  gpio.o
    0x080018d4   0x080018d4   0x00000070   Code   RO          109    .text.EXTI9_5_IRQHandler  gpio.o
    0x08001944   0x08001944   0x00000086   Code   RO          258    .text.GPIO_Init     stm32f4xx_gpio.o
    0x080019ca   0x080019ca   0x00000002   PAD
    0x080019cc   0x080019cc   0x00000028   Code   RO          282    .text.GPIO_PinAFConfig  stm32f4xx_gpio.o
    0x080019f4   0x080019f4   0x00000018   Code   RO          417    .text.RCC_AHB1PeriphClockCmd  stm32f4xx_rcc.o
    0x08001a0c   0x08001a0c   0x00000018   Code   RO          423    .text.RCC_APB1PeriphClockCmd  stm32f4xx_rcc.o
    0x08001a24   0x08001a24   0x0000009a   Code   RO          407    .text.RCC_GetClocksFreq  stm32f4xx_rcc.o
    0x08001abe   0x08001abe   0x00000002   PAD
    0x08001ac0   0x08001ac0   0x0000000c   Code   RO          538    .text.SysTick_Handler  timer.o
    0x08001acc   0x08001acc   0x00000012   Code   RO          612    .text.SystemInit    system_stm32f4xx.o
    0x08001ade   0x08001ade   0x00000002   PAD
    0x08001ae0   0x08001ae0   0x00000044   Code   RO          562    .text.USART2_IRQHandler  uart.o
    0x08001b24   0x08001b24   0x00000016   Code   RO          474    .text.USART_Cmd     stm32f4xx_usart.o
    0x08001b3a   0x08001b3a   0x00000002   PAD
    0x08001b3c   0x08001b3c   0x0000000a   Code   RO          514    .text.USART_GetFlagStatus  stm32f4xx_usart.o
    0x08001b46   0x08001b46   0x00000002   PAD
    0x08001b48   0x08001b48   0x000000c4   Code   RO          466    .text.USART_Init    stm32f4xx_usart.o
    0x08001c0c   0x08001c0c   0x00000008   Code   RO          484    .text.USART_ReceiveData  stm32f4xx_usart.o
    0x08001c14   0x08001c14   0x00000008   Code   RO          482    .text.USART_SendData  stm32f4xx_usart.o
    0x08001c1c   0x08001c1c   0x00000014   Code   RO          579    .text._sys_close    retarget_io.o
    0x08001c30   0x08001c30   0x00000004   Code   RO          589    .text._sys_flen     retarget_io.o
    0x08001c34   0x08001c34   0x00000010   Code   RO          585    .text._sys_istty    retarget_io.o
    0x08001c44   0x08001c44   0x0000005c   Code   RO          577    .text._sys_open     retarget_io.o
    0x08001ca0   0x08001ca0   0x00000048   Code   RO          583    .text._sys_read     retarget_io.o
    0x08001ce8   0x08001ce8   0x00000006   Code   RO          587    .text._sys_seek     retarget_io.o
    0x08001cee   0x08001cee   0x00000002   PAD
    0x08001cf0   0x08001cf0   0x0000008e   Code   RO          581    .text._sys_write    retarget_io.o
    0x08001d7e   0x08001d7e   0x00000002   PAD
    0x08001d80   0x08001d80   0x00000080   Code   RO            2    .text.main          main.o
    0x08001e00   0x08001e00   0x0000000e   Code   RO          552    .text.uart_enable   uart.o
    0x08001e0e   0x08001e0e   0x00000002   PAD
    0x08001e10   0x08001e10   0x00000060   Code   RO          550    .text.uart_init     uart.o
    0x08001e70   0x08001e70   0x00000032   Code   RO          554    .text.uart_print    uart.o
    0x08001ea2   0x08001ea2   0x0000001a   Code   RO          849    i.fgetc             c_w.l(fgetc.o)
    0x08001ebc   0x08001ebc   0x0000001c   Code   RO          853    i.fputc             c_w.l(fputc.o)
    0x08001ed8   0x08001ed8   0x0000002c   Code   RO         1024    locale$$code        c_w.l(lc_ctype_c.o)
    0x08001f04   0x08001f04   0x0000001a   Code   RO          877    x$fpl$fpinit        fz_wm.l(fpinit.o)
    0x08001f1e   0x08001f1e   0x00000010   Data   RO          455    .rodata.APBAHBPrescTable  stm32f4xx_rcc.o
    0x08001f2e   0x08001f2e   0x00000008   Data   RO          594    .rodata.__stderr_name  retarget_io.o
    0x08001f36   0x08001f36   0x00000007   Data   RO          592    .rodata.__stdin_name  retarget_io.o
    0x08001f3d   0x08001f3d   0x00000008   Data   RO          593    .rodata.__stdout_name  retarget_io.o
    0x08001f45   0x08001f45   0x00000003   PAD
    0x08001f48   0x08001f48   0x00000020   Data   RO         1053    Region$$Table       anon$$obj.o
    0x08001f68   0x08001f68   0x00000110   Data   RO         1023    locale$$data        c_w.l(lc_ctype_c.o)


    Execution Region RW_IRAM1 (Exec base: 0x20000000, Load base: 0x08002078, Size: 0x00000788, Max: 0x00020000, ABSOLUTE)

    Exec Addr    Load Addr    Size         Type   Attr      Idx    E Section Name        Object

    0x20000000   0x08002078   0x00000004   Data   RW          751    .data               c_w.l(stdio_streams.o)
    0x20000004   0x0800207c   0x00000004   Data   RW          752    .data               c_w.l(stdio_streams.o)
    0x20000008   0x08002080   0x00000004   Data   RW          753    .data               c_w.l(stdio_streams.o)
    0x2000000c   0x08002084   0x00000004   Data   RW          591    .data.ITM_RxBuffer  retarget_io.o
    0x20000010        -       0x00000054   Zero   RW          748    .bss                c_w.l(stdio_streams.o)
    0x20000064        -       0x00000054   Zero   RW          749    .bss                c_w.l(stdio_streams.o)
    0x200000b8        -       0x00000054   Zero   RW          750    .bss                c_w.l(stdio_streams.o)
    0x2000010c        -       0x00000060   Zero   RW          815    .bss                c_w.l(libspace.o)
    0x2000016c        -       0x00000004   Zero   RW          117    .bss.GPIO_callback  gpio.o
    0x20000170        -       0x00000004   Zero   RW          115    .bss.IRQ_pin_index  gpio.o
    0x20000174        -       0x00000004   Zero   RW          114    .bss.IRQ_port_num   gpio.o
    0x20000178        -       0x00000004   Zero   RW          113    .bss.IRQ_status     gpio.o
    0x2000017c        -       0x00000004   Zero   RW          564    .bss.UART_callback  uart.o
    0x20000180        -       0x00000004   Zero   RW          540    .bss.timer_callback  timer.o
    0x20000184   0x08002088   0x00000004   PAD
    0x20000188        -       0x00000200   Zero   RW          603    HEAP                startup_stm32f411xe.o
    0x20000388        -       0x00000400   Zero   RW          602    STACK               startup_stm32f411xe.o


==============================================================================

Image component sizes


      Code (inc. data)   RO Data    RW Data    ZI Data      Debug   Object Name

       780          0          0          0         16      14459   gpio.o
       128         24          0          0          0        659   main.o
       352          0         23          4          0       3693   retarget_io.o
        64         26        408          0       1536        896   startup_stm32f411xe.o
       174          0          0          0          0       4793   stm32f4xx_gpio.o
       202          0         16          0          0      11934   stm32f4xx_rcc.o
       244          0          0          0          0       8027   stm32f4xx_usart.o
        18          0          0          0          0       2835   system_stm32f4xx.o
        12          0          0          0          4       4445   timer.o
       228          0          0          0          4       6412   uart.o

    ----------------------------------------------------------------------
      2222         50        482          4       1564      58153   Object Totals
         0          0         32          0          0          0   (incl. Generated)
        20          0          3          0          4          0   (incl. Padding)

    ----------------------------------------------------------------------

      Code (inc. data)   RO Data    RW Data    ZI Data      Debug   Library Member Name

        32          6          0          0          0         84   __0scanf.o
         8          0          0          0          0         68   __main.o
        40          0          0          0          0         84   __printf_nopercent.o
         0          0          0          0          0          0   __rtentry.o
        12          0          0          0          0          0   __rtentry2.o
         6          0          0          0          0          0   __rtentry4.o
        52          8          0          0          0          0   __scatter.o
        26          0          0          0          0          0   __scatter_copy.o
        28          0          0          0          0          0   __scatter_zi.o
        48          6          0          0          0         96   _printf_char_common.o
        36          4          0          0          0         80   _printf_char_file.o
       884          6          0          0          0        100   _scanf.o
       224          0          0          0          0         96   _scanf_str.o
        72          0          0          0          0         92   backspace.o
        10          0          0          0          0         68   defsig_exit.o
        50          0          0          0          0         88   defsig_general.o
        80         58          0          0          0         76   defsig_rtmem_inner.o
        14          0          0          0          0         80   defsig_rtmem_outer.o
        52         38          0          0          0         76   defsig_rtred_inner.o
        14          0          0          0          0         80   defsig_rtred_outer.o
        18          0          0          0          0         80   exit.o
        76          0          0          0          0         88   fclose.o
         8          0          0          0          0         68   ferror.o
       100          4          0          0          0        120   fflush.o
        26          0          0          0          0         68   fgetc.o
       586          0          0          0          0        136   filbuf.o
       482          0          0          0          0         92   flsbuf.o
        56          6          0          0          0         80   flushlinebuffered.o
       240          6          0          0          0        128   fopen.o
        28          0          0          0          0         68   fputc.o
       248          6          0          0          0         84   fseek.o
        66          0          0          0          0         76   ftell.o
        94          0          0          0          0         80   h1_alloc.o
        52          0          0          0          0         68   h1_extend.o
        78          0          0          0          0         80   h1_free.o
        14          0          0          0          0         84   h1_init.o
         6          0          0          0          0        152   heapauxi.o
         4          0          0          0          0        136   hguard.o
         0          0          0          0          0          0   indicate_semi.o
       138          0          0          0          0        168   init_alloc.o
       312         46          0          0          0        112   initio.o
        18          0          0          0          0         76   isspace.o
        44         10        272          0          0         76   lc_ctype_c.o
         2          0          0          0          0          0   libinit.o
        36          0          0          0          0          0   libinit2.o
         2          0          0          0          0          0   libshutdown.o
         6          0          0          0          0          0   libshutdown2.o
         8          4          0          0         96         68   libspace.o
         0          0          0          0          0          0   maybetermalloc1.o
        24          4          0          0          0         84   noretval__2printf.o
        16          4          0          0          0         76   rt_ctype_table.o
         8          4          0          0          0         68   rt_errno_addr_intlibspace.o
         8          4          0          0          0         68   rt_heap_descriptor_intlibspace.o
         8          4          0          0          0         68   rt_locale_intlibspace.o
        78          0          0          0          0         80   rt_memclr_w.o
         2          0          0          0          0          0   rtexit.o
        10          0          0          0          0          0   rtexit2.o
        44          8          0          0          0         84   scanf_char.o
        24          8          0          0          0         68   scanf_char_file.o
        70          0          0          0          0         80   setvbuf.o
       264          6          0          0          0        160   stdio.o
         0          0          0         12        252          0   stdio_streams.o
       124          0          0          0          0         88   strcmpv7em.o
        12          4          0          0          0         68   sys_exit.o
        74          0          0          0          0         80   sys_stackheap_outer.o
        14          0          0          0          0         76   sys_wrch.o
        72         12          0          0          0         68   ungetc.o
         2          0          0          0          0         68   use_no_semi.o
        26          0          0          0          0        116   fpinit.o

    ----------------------------------------------------------------------
      5336        266        272         12        348       4756   Library Totals
        20          0          0          0          0          0   (incl. Padding)

    ----------------------------------------------------------------------

      Code (inc. data)   RO Data    RW Data    ZI Data      Debug   Library Name

      5290        266        272         12        348       4640   c_w.l
        26          0          0          0          0        116   fz_wm.l

    ----------------------------------------------------------------------
      5336        266        272         12        348       4756   Library Totals

    ----------------------------------------------------------------------

==============================================================================


      Code (inc. data)   RO Data    RW Data    ZI Data      Debug   

      7558        316        754         16       1912      60149   Grand Totals
      7558        316        754         16       1912      60149   ELF Image Totals
      7558        316        754         16          0          0   ROM Totals

==============================================================================

    Total RO  Size (Code + RO Data)                 8312 (   8.12kB)
    Total RW  Size (RW Data + ZI Data)              1928 (   1.88kB)
    Total ROM Size (Code + RO Data + RW Data)       8328 (   8.13kB)

==============================================================================

