<html>
<body>
<pre>
<h1>µVision Build Log</h1>
<h2>Tool Versions:</h2>
IDE-Version: µVision V5.38.0.0
Copyright (C) 2022 ARM Ltd and ARM Germany GmbH. All rights reserved.
License Information: Andronikos Kostas, -, LIC=TDAR6-X5TR5-T6IQV-236W6-YXSRG-4KU7E
 
Tool Versions:
Toolchain:       MDK-ARM Community  Version: 5.38.0.0
Toolchain Path:  C:\Keil_v5\ARM\ARMCLANG\Bin
C Compiler:      ArmClang.exe V6.19
Assembler:       Armasm.exe V6.19
Linker/Locator:  ArmLink.exe V6.19
Library Manager: ArmAr.exe V6.19
Hex Converter:   FromElf.exe V6.19
CPU DLL:         SARMCM3.DLL V5.38.0.0
Dialog DLL:      DCM.DLL V1.17.5.0
Target DLL:      STLink\ST-LINKIII-KEIL_SWO.dll V3.1.0.0
Dialog DLL:      TCM.DLL V1.56.4.0
 
<h2>Project:</h2>
C:\Users\andro\Desktop\MicrocontrollersLabs\_LAB3_\lab3\lab3.uvprojx
Project File Date:  05/25/2023

<h2>Output:</h2>
*** Using Compiler 'V6.19', folder: 'C:\Keil_v5\ARM\ARMCLANG\Bin'
Build target 'Target 1'
drivers/timer.c(1): warning: In file included from...
./drivers/platform.h(18): warning: non-portable path to file '<stm32f4xx.h>'; specified path differs in case from file name on disk [-Wnonportable-include-path]
#include <STM32F4xx.h>
         ^~~~~~~~~~~~~
         <stm32f4xx.h>
./drivers/platform.h(161): warning: invalid UTF-8 in comment [-Winvalid-utf8]
// *******************************ARM University Program Copyright <A9> ARM Ltd 2016*************************************   
                                                                   ^
drivers/timer.c(2): warning: In file included from...
./drivers/timer.h(31): warning: invalid UTF-8 in comment [-Winvalid-utf8]
// *******************************ARM University Program Copyright <A9> ARM Ltd 2016*************************************   
                                                                   ^
drivers/timer.c(10): warning: implicit conversion turns floating-point number into integer: 'double' to 'uint32_t' (aka 'unsigned int') [-Wfloat-conversion]
                uint32_t tick_us = (SystemCoreClock)/1e6; // SystemCoreClock = 16MHz --> tick_us = 16
                         ~~~~~~~   ~~~~~~~~~~~~~~~~~^~~~
drivers/timer.c(40): warning: no previous prototype for function 'SysTick_Handler' [-Wmissing-prototypes]
void SysTick_Handler(void)
     ^
drivers/timer.c(40): note: declare 'static' if the function is not intended to be used outside of this translation unit
void SysTick_Handler(void)
^
static 
drivers/timer.c(4): warning: no previous extern declaration for non-static variable 'timer_period' [-Wmissing-variable-declarations]
uint32_t timer_period;
         ^
drivers/timer.c(4): note: declare 'static' if the variable is not intended to be used outside of this translation unit
uint32_t timer_period;
^
6 warnings generated.
compiling timer.c...
main.c(1): warning: In file included from...
./drivers\platform.h(18): warning: non-portable path to file '<stm32f4xx.h>'; specified path differs in case from file name on disk [-Wnonportable-include-path]
#include <STM32F4xx.h>
         ^~~~~~~~~~~~~
         <stm32f4xx.h>
./drivers\platform.h(161): warning: invalid UTF-8 in comment [-Winvalid-utf8]
// *******************************ARM University Program Copyright <A9> ARM Ltd 2016*************************************   
                                                                   ^
main.c(4): warning: In file included from...
./drivers\timer.h(31): warning: invalid UTF-8 in comment [-Winvalid-utf8]
// *******************************ARM University Program Copyright <A9> ARM Ltd 2016*************************************   
                                                                   ^
main.c(5): warning: In file included from...
./DHT11.h(51): warning: no newline at end of file [-Wnewline-eof]
uint8_t check_sum(uint8_t *packet);
                                   ^
main.c(171): warning: passing 'void *' to parameter of type 'void (*)(int)' converts between void pointer and function pointer [-Wpedantic]
        gpio_set_callback(BUTTON,(void *)BUTTON_ISR);
                                 ^~~~~~~~~~~~~~~~~~
./drivers\gpio.h(96): note: passing argument to parameter 'callback' here
void gpio_set_callback(Pin pin, void (*callback)(int status));
                                       ^
5 warnings generated.
compiling main.c...
linking...
Program Size: Code=14604 RO-data=1092 RW-data=4 ZI-data=1708  
".\Objects\lab3.axf" - 0 Error(s), 11 Warning(s).

<h2>Software Packages used:</h2>

Package Vendor: ARM
                http://www.keil.com/pack/ARM.CMSIS.5.9.0.pack
                ARM.CMSIS.5.9.0
                CMSIS (Common Microcontroller Software Interface Standard)
   * Component: CORE Version: 5.6.0

Package Vendor: Keil
                https://www.keil.com/pack/Keil.ARM_Compiler.1.7.2.pack
                Keil.ARM_Compiler.1.7.2
                Keil ARM Compiler extensions for ARM Compiler 5 and ARM Compiler 6
   * Component: STDERR Variant: ITM Version: 1.2.0
   * Component: STDIN Variant: ITM Version: 1.2.0
   * Component: STDOUT Variant: ITM Version: 1.2.0

Package Vendor: Keil
                https://www.keil.com/pack/Keil.STM32F4xx_DFP.2.17.0.pack
                Keil.STM32F4xx_DFP.2.17.0
                STMicroelectronics STM32F4 Series Device Support, Drivers and Examples
   * Component: Startup Version: 2.6.3

<h2>Collection of Component include folders:</h2>
  ./RTE/_Target_1
  C:/Users/andro/AppData/Local/Arm/Packs/ARM/CMSIS/5.9.0/CMSIS/Core/Include
  C:/Users/andro/AppData/Local/Arm/Packs/Keil/STM32F4xx_DFP/2.17.0/Drivers/CMSIS/Device/ST/STM32F4xx/Include

<h2>Collection of Component Files used:</h2>

   * Component: ARM::CMSIS:CORE:5.6.0

   * Component: Keil.ARM Compiler::Compiler:I/O:STDERR:ITM:1.2.0
      Source file:   Source/retarget_io.c

   * Component: Keil.ARM Compiler::Compiler:I/O:STDIN:ITM:1.2.0
      Source file:   Source/retarget_io.c

   * Component: Keil.ARM Compiler::Compiler:I/O:STDOUT:ITM:1.2.0
      Source file:   Source/retarget_io.c

   * Component: Keil::Device:Startup:2.6.3
      Source file:   MDK/Device/Source/ARM/STM32F411xx_OPT.s
      Source file:   MDK/Device/Source/ARM/STM32F4xx_OTP.s
      Source file:   Drivers/CMSIS/Device/ST/STM32F4xx/Source/Templates/arm/startup_stm32f411xe.s
      Include file:  Drivers/CMSIS/Device/ST/STM32F4xx/Include/stm32f4xx.h
      Source file:   Drivers/CMSIS/Device/ST/STM32F4xx/Source/Templates/system_stm32f4xx.c
Build Time Elapsed:  00:00:02
</pre>
</body>
</html>
